<!doctype html public "-//w3c//dtd html 4.0 transitional//en">
<html><head>
<title>Static Call Graph - [.\Objects\classA.axf]</title></head>
<body><HR>
<H1>Static Call Graph for image .\Objects\classA.axf</H1><HR>
<BR><P>#&#060CALLGRAPH&#062# ARM Linker, 5060750: Last Updated: Wed May 02 10:49:13 2018
<BR><P>
<H3>Maximum Stack Usage =        616 bytes + Unknown(Cycles, Untraceable Function Pointers)</H3><H3>
Call chain for Maximum Stack Depth:</H3>
main &rArr; SendFrame &rArr; LoRaMacMcpsRequest &rArr; Send &rArr; ScheduleTx &rArr; SendFrameOnChannel &rArr; TimerSetValue &rArr; TimerStop &rArr; TimerSetTimeout &rArr; RtcSetTimeout &rArr; RtcStartWakeUpAlarm &rArr; RtcComputeTimerTimeToAlarmTick &rArr; round &rArr; __aeabi_dsub &rArr; __aeabi_dadd &rArr; _double_epilogue &rArr; _double_round
<P>
<H3>
Mutually Recursive functions
</H3> <LI><a href="#[7]">HardFault_Handler</a>&nbsp;&nbsp;&nbsp;&rArr;&nbsp;&nbsp;&nbsp;<a href="#[7]">HardFault_Handler</a><BR>
 <LI><a href="#[b]">SVC_Handler</a>&nbsp;&nbsp;&nbsp;&rArr;&nbsp;&nbsp;&nbsp;<a href="#[b]">SVC_Handler</a><BR>
 <LI><a href="#[d]">PendSV_Handler</a>&nbsp;&nbsp;&nbsp;&rArr;&nbsp;&nbsp;&nbsp;<a href="#[d]">PendSV_Handler</a><BR>
 <LI><a href="#[21]">ADC1_IRQHandler</a>&nbsp;&nbsp;&nbsp;&rArr;&nbsp;&nbsp;&nbsp;<a href="#[21]">ADC1_IRQHandler</a><BR>
</UL>
<P>
<H3>
Function Pointers
</H3><UL>
 <LI><a href="#[21]">ADC1_IRQHandler</a> from startup_stm32l151xb.o(.text) referenced from startup_stm32l151xb.o(RESET)
 <LI><a href="#[51]">BoardGetBatteryLevel</a> from board.o(i.BoardGetBatteryLevel) referenced from main.o(i.main)
 <LI><a href="#[9]">BusFault_Handler</a> from sysirqhandlers.o(i.BusFault_Handler) referenced from startup_stm32l151xb.o(RESET)
 <LI><a href="#[25]">COMP_IRQHandler</a> from startup_stm32l151xb.o(.text) referenced from startup_stm32l151xb.o(RESET)
 <LI><a href="#[24]">DAC_IRQHandler</a> from startup_stm32l151xb.o(.text) referenced from startup_stm32l151xb.o(RESET)
 <LI><a href="#[1a]">DMA1_Channel1_IRQHandler</a> from startup_stm32l151xb.o(.text) referenced from startup_stm32l151xb.o(RESET)
 <LI><a href="#[1b]">DMA1_Channel2_IRQHandler</a> from startup_stm32l151xb.o(.text) referenced from startup_stm32l151xb.o(RESET)
 <LI><a href="#[1c]">DMA1_Channel3_IRQHandler</a> from startup_stm32l151xb.o(.text) referenced from startup_stm32l151xb.o(RESET)
 <LI><a href="#[1d]">DMA1_Channel4_IRQHandler</a> from startup_stm32l151xb.o(.text) referenced from startup_stm32l151xb.o(RESET)
 <LI><a href="#[1e]">DMA1_Channel5_IRQHandler</a> from startup_stm32l151xb.o(.text) referenced from startup_stm32l151xb.o(RESET)
 <LI><a href="#[1f]">DMA1_Channel6_IRQHandler</a> from startup_stm32l151xb.o(.text) referenced from startup_stm32l151xb.o(RESET)
 <LI><a href="#[20]">DMA1_Channel7_IRQHandler</a> from startup_stm32l151xb.o(.text) referenced from startup_stm32l151xb.o(RESET)
 <LI><a href="#[c]">DebugMon_Handler</a> from sysirqhandlers.o(i.DebugMon_Handler) referenced from startup_stm32l151xb.o(RESET)
 <LI><a href="#[15]">EXTI0_IRQHandler</a> from gpio-board.o(i.EXTI0_IRQHandler) referenced from startup_stm32l151xb.o(RESET)
 <LI><a href="#[36]">EXTI15_10_IRQHandler</a> from gpio-board.o(i.EXTI15_10_IRQHandler) referenced from startup_stm32l151xb.o(RESET)
 <LI><a href="#[16]">EXTI1_IRQHandler</a> from gpio-board.o(i.EXTI1_IRQHandler) referenced from startup_stm32l151xb.o(RESET)
 <LI><a href="#[17]">EXTI2_IRQHandler</a> from gpio-board.o(i.EXTI2_IRQHandler) referenced from startup_stm32l151xb.o(RESET)
 <LI><a href="#[18]">EXTI3_IRQHandler</a> from gpio-board.o(i.EXTI3_IRQHandler) referenced from startup_stm32l151xb.o(RESET)
 <LI><a href="#[19]">EXTI4_IRQHandler</a> from gpio-board.o(i.EXTI4_IRQHandler) referenced from startup_stm32l151xb.o(RESET)
 <LI><a href="#[26]">EXTI9_5_IRQHandler</a> from gpio-board.o(i.EXTI9_5_IRQHandler) referenced from startup_stm32l151xb.o(RESET)
 <LI><a href="#[13]">FLASH_IRQHandler</a> from startup_stm32l151xb.o(.text) referenced from startup_stm32l151xb.o(RESET)
 <LI><a href="#[40]">GpsMcuIrqNotify</a> from gps-board.o(i.GpsMcuIrqNotify) referenced from gps-board.o(i.GpsMcuInit)
 <LI><a href="#[3f]">GpsMcuOnPpsSignal</a> from gps-board.o(i.GpsMcuOnPpsSignal) referenced from gps-board.o(i.GpsMcuInit)
 <LI><a href="#[3f]">GpsMcuOnPpsSignal</a> from gps-board.o(i.GpsMcuOnPpsSignal) referenced from gps-board.o(i.GpsMcuInvertPpsTrigger)
 <LI><a href="#[7]">HardFault_Handler</a> from startup_stm32l151xb.o(.text) referenced from startup_stm32l151xb.o(RESET)
 <LI><a href="#[2e]">I2C1_ER_IRQHandler</a> from startup_stm32l151xb.o(.text) referenced from startup_stm32l151xb.o(RESET)
 <LI><a href="#[2d]">I2C1_EV_IRQHandler</a> from startup_stm32l151xb.o(.text) referenced from startup_stm32l151xb.o(RESET)
 <LI><a href="#[30]">I2C2_ER_IRQHandler</a> from startup_stm32l151xb.o(.text) referenced from startup_stm32l151xb.o(RESET)
 <LI><a href="#[2f]">I2C2_EV_IRQHandler</a> from startup_stm32l151xb.o(.text) referenced from startup_stm32l151xb.o(RESET)
 <LI><a href="#[41]">Lis3dh_Event</a> from lis3dh.o(i.Lis3dh_Event) referenced from lis3dh.o(i.LIS3DH_Init)
 <LI><a href="#[4e]">McpsConfirm</a> from main.o(i.McpsConfirm) referenced from main.o(i.main)
 <LI><a href="#[4f]">McpsIndication</a> from main.o(i.McpsIndication) referenced from main.o(i.main)
 <LI><a href="#[8]">MemManage_Handler</a> from sysirqhandlers.o(i.MemManage_Handler) referenced from startup_stm32l151xb.o(RESET)
 <LI><a href="#[50]">MlmeConfirm</a> from main.o(i.MlmeConfirm) referenced from main.o(i.main)
 <LI><a href="#[6]">NMI_Handler</a> from sysirqhandlers.o(i.NMI_Handler) referenced from startup_stm32l151xb.o(RESET)
 <LI><a href="#[46]">OnAckTimeoutTimerEvent</a> from loramac.o(i.OnAckTimeoutTimerEvent) referenced from loramac.o(i.LoRaMacInitialization)
 <LI><a href="#[3e]">OnCalibrateSystemWakeupTimeTimerEvent</a> from board.o(i.OnCalibrateSystemWakeupTimeTimerEvent) referenced from board.o(i.CalibrateSystemWakeupTime)
 <LI><a href="#[53]">OnLed1TimerEvent</a> from main.o(i.OnLed1TimerEvent) referenced from main.o(i.main)
 <LI><a href="#[54]">OnLed2TimerEvent</a> from main.o(i.OnLed2TimerEvent) referenced from main.o(i.main)
 <LI><a href="#[42]">OnMacStateCheckTimerEvent</a> from loramac.o(i.OnMacStateCheckTimerEvent) referenced from loramac.o(i.LoRaMacInitialization)
 <LI><a href="#[48]">OnRadioRxDone</a> from loramac.o(i.OnRadioRxDone) referenced from loramac.o(i.LoRaMacInitialization)
 <LI><a href="#[49]">OnRadioRxError</a> from loramac.o(i.OnRadioRxError) referenced from loramac.o(i.LoRaMacInitialization)
 <LI><a href="#[4b]">OnRadioRxTimeout</a> from loramac.o(i.OnRadioRxTimeout) referenced from loramac.o(i.LoRaMacInitialization)
 <LI><a href="#[47]">OnRadioTxDone</a> from loramac.o(i.OnRadioTxDone) referenced from loramac.o(i.LoRaMacInitialization)
 <LI><a href="#[4a]">OnRadioTxTimeout</a> from loramac.o(i.OnRadioTxTimeout) referenced from loramac.o(i.LoRaMacInitialization)
 <LI><a href="#[44]">OnRxWindow1TimerEvent</a> from loramac.o(i.OnRxWindow1TimerEvent) referenced from loramac.o(i.LoRaMacInitialization)
 <LI><a href="#[45]">OnRxWindow2TimerEvent</a> from loramac.o(i.OnRxWindow2TimerEvent) referenced from loramac.o(i.LoRaMacInitialization)
 <LI><a href="#[43]">OnTxDelayedTimerEvent</a> from loramac.o(i.OnTxDelayedTimerEvent) referenced from loramac.o(i.LoRaMacInitialization)
 <LI><a href="#[52]">OnTxNextPacketTimerEvent</a> from main.o(i.OnTxNextPacketTimerEvent) referenced from main.o(i.main)
 <LI><a href="#[10]">PVD_IRQHandler</a> from startup_stm32l151xb.o(.text) referenced from startup_stm32l151xb.o(RESET)
 <LI><a href="#[d]">PendSV_Handler</a> from startup_stm32l151xb.o(.text) referenced from startup_stm32l151xb.o(RESET)
 <LI><a href="#[14]">RCC_IRQHandler</a> from startup_stm32l151xb.o(.text) referenced from startup_stm32l151xb.o(RESET)
 <LI><a href="#[37]">RTC_Alarm_IRQHandler</a> from rtc-board.o(i.RTC_Alarm_IRQHandler) referenced from startup_stm32l151xb.o(RESET)
 <LI><a href="#[12]">RTC_WKUP_IRQHandler</a> from startup_stm32l151xb.o(.text) referenced from startup_stm32l151xb.o(RESET)
 <LI><a href="#[5]">Reset_Handler</a> from startup_stm32l151xb.o(.text) referenced from startup_stm32l151xb.o(RESET)
 <LI><a href="#[31]">SPI1_IRQHandler</a> from startup_stm32l151xb.o(.text) referenced from startup_stm32l151xb.o(RESET)
 <LI><a href="#[32]">SPI2_IRQHandler</a> from startup_stm32l151xb.o(.text) referenced from startup_stm32l151xb.o(RESET)
 <LI><a href="#[b]">SVC_Handler</a> from startup_stm32l151xb.o(.text) referenced from startup_stm32l151xb.o(RESET)
 <LI><a href="#[5d]">SX1276CheckRfFrequency</a> from sx1276-board.o(i.SX1276CheckRfFrequency) referenced from sx1276-board.o(.constdata)
 <LI><a href="#[56]">SX1276GetStatus</a> from sx1276.o(i.SX1276GetStatus) referenced from sx1276-board.o(.constdata)
 <LI><a href="#[5e]">SX1276GetTimeOnAir</a> from sx1276.o(i.SX1276GetTimeOnAir) referenced from sx1276-board.o(.constdata)
 <LI><a href="#[55]">SX1276Init</a> from sx1276.o(i.SX1276Init) referenced from sx1276-board.o(.constdata)
 <LI><a href="#[59]">SX1276IsChannelFree</a> from sx1276.o(i.SX1276IsChannelFree) referenced from sx1276-board.o(.constdata)
 <LI><a href="#[0]">SX1276OnDio0Irq</a> from sx1276.o(i.SX1276OnDio0Irq) referenced 2 times from sx1276.o(.data)
 <LI><a href="#[1]">SX1276OnDio1Irq</a> from sx1276.o(i.SX1276OnDio1Irq) referenced 2 times from sx1276.o(.data)
 <LI><a href="#[2]">SX1276OnDio2Irq</a> from sx1276.o(i.SX1276OnDio2Irq) referenced 2 times from sx1276.o(.data)
 <LI><a href="#[3]">SX1276OnDio3Irq</a> from sx1276.o(i.SX1276OnDio3Irq) referenced 2 times from sx1276.o(.data)
 <LI><a href="#[4]">SX1276OnDio4Irq</a> from sx1276.o(i.SX1276OnDio4Irq) referenced 2 times from sx1276.o(.data)
 <LI><a href="#[4c]">SX1276OnTimeoutIrq</a> from sx1276.o(i.SX1276OnTimeoutIrq) referenced from sx1276.o(i.SX1276Init)
 <LI><a href="#[5a]">SX1276Random</a> from sx1276.o(i.SX1276Random) referenced from sx1276-board.o(.constdata)
 <LI><a href="#[67]">SX1276Read</a> from sx1276.o(i.SX1276Read) referenced from sx1276-board.o(.constdata)
 <LI><a href="#[69]">SX1276ReadBuffer</a> from sx1276.o(i.SX1276ReadBuffer) referenced from sx1276-board.o(.constdata)
 <LI><a href="#[65]">SX1276ReadRssi</a> from sx1276.o(i.SX1276ReadRssi) referenced from sx1276-board.o(.constdata)
 <LI><a href="#[5f]">SX1276Send</a> from sx1276.o(i.SX1276Send) referenced from sx1276-board.o(.constdata)
 <LI><a href="#[58]">SX1276SetChannel</a> from sx1276.o(i.SX1276SetChannel) referenced from sx1276-board.o(.constdata)
 <LI><a href="#[6a]">SX1276SetMaxPayloadLength</a> from sx1276.o(i.SX1276SetMaxPayloadLength) referenced from sx1276-board.o(.constdata)
 <LI><a href="#[57]">SX1276SetModem</a> from sx1276.o(i.SX1276SetModem) referenced from sx1276-board.o(.constdata)
 <LI><a href="#[6b]">SX1276SetPublicNetwork</a> from sx1276.o(i.SX1276SetPublicNetwork) referenced from sx1276-board.o(.constdata)
 <LI><a href="#[62]">SX1276SetRx</a> from sx1276.o(i.SX1276SetRx) referenced from sx1276-board.o(.constdata)
 <LI><a href="#[5b]">SX1276SetRxConfig</a> from sx1276.o(i.SX1276SetRxConfig) referenced from sx1276-board.o(.constdata)
 <LI><a href="#[60]">SX1276SetSleep</a> from sx1276.o(i.SX1276SetSleep) referenced from sx1276-board.o(.constdata)
 <LI><a href="#[61]">SX1276SetStby</a> from sx1276.o(i.SX1276SetStby) referenced from sx1276-board.o(.constdata)
 <LI><a href="#[5c]">SX1276SetTxConfig</a> from sx1276.o(i.SX1276SetTxConfig) referenced from sx1276-board.o(.constdata)
 <LI><a href="#[64]">SX1276SetTxContinuousWave</a> from sx1276.o(i.SX1276SetTxContinuousWave) referenced from sx1276-board.o(.constdata)
 <LI><a href="#[63]">SX1276StartCad</a> from sx1276.o(i.SX1276StartCad) referenced from sx1276-board.o(.constdata)
 <LI><a href="#[66]">SX1276Write</a> from sx1276.o(i.SX1276Write) referenced from sx1276-board.o(.constdata)
 <LI><a href="#[68]">SX1276WriteBuffer</a> from sx1276.o(i.SX1276WriteBuffer) referenced from sx1276-board.o(.constdata)
 <LI><a href="#[e]">SysTick_Handler</a> from board.o(i.SysTick_Handler) referenced from startup_stm32l151xb.o(RESET)
 <LI><a href="#[3c]">SystemInit</a> from system_stm32l1xx.o(i.SystemInit) referenced from startup_stm32l151xb.o(.text)
 <LI><a href="#[11]">TAMPER_STAMP_IRQHandler</a> from startup_stm32l151xb.o(.text) referenced from startup_stm32l151xb.o(RESET)
 <LI><a href="#[28]">TIM10_IRQHandler</a> from startup_stm32l151xb.o(.text) referenced from startup_stm32l151xb.o(RESET)
 <LI><a href="#[29]">TIM11_IRQHandler</a> from startup_stm32l151xb.o(.text) referenced from startup_stm32l151xb.o(RESET)
 <LI><a href="#[2a]">TIM2_IRQHandler</a> from startup_stm32l151xb.o(.text) referenced from startup_stm32l151xb.o(RESET)
 <LI><a href="#[2b]">TIM3_IRQHandler</a> from startup_stm32l151xb.o(.text) referenced from startup_stm32l151xb.o(RESET)
 <LI><a href="#[2c]">TIM4_IRQHandler</a> from startup_stm32l151xb.o(.text) referenced from startup_stm32l151xb.o(RESET)
 <LI><a href="#[39]">TIM6_IRQHandler</a> from startup_stm32l151xb.o(.text) referenced from startup_stm32l151xb.o(RESET)
 <LI><a href="#[3a]">TIM7_IRQHandler</a> from startup_stm32l151xb.o(.text) referenced from startup_stm32l151xb.o(RESET)
 <LI><a href="#[27]">TIM9_IRQHandler</a> from startup_stm32l151xb.o(.text) referenced from startup_stm32l151xb.o(RESET)
 <LI><a href="#[33]">USART1_IRQHandler</a> from uart-board.o(i.USART1_IRQHandler) referenced from startup_stm32l151xb.o(RESET)
 <LI><a href="#[34]">USART2_IRQHandler</a> from startup_stm32l151xb.o(.text) referenced from startup_stm32l151xb.o(RESET)
 <LI><a href="#[35]">USART3_IRQHandler</a> from uart-board.o(i.USART3_IRQHandler) referenced from startup_stm32l151xb.o(RESET)
 <LI><a href="#[38]">USB_FS_WKUP_IRQHandler</a> from startup_stm32l151xb.o(.text) referenced from startup_stm32l151xb.o(RESET)
 <LI><a href="#[22]">USB_HP_IRQHandler</a> from startup_stm32l151xb.o(.text) referenced from startup_stm32l151xb.o(RESET)
 <LI><a href="#[23]">USB_LP_IRQHandler</a> from startup_stm32l151xb.o(.text) referenced from startup_stm32l151xb.o(RESET)
 <LI><a href="#[a]">UsageFault_Handler</a> from sysirqhandlers.o(i.UsageFault_Handler) referenced from startup_stm32l151xb.o(RESET)
 <LI><a href="#[f]">WWDG_IRQHandler</a> from startup_stm32l151xb.o(.text) referenced from startup_stm32l151xb.o(RESET)
 <LI><a href="#[3d]">__main</a> from entry.o(.ARM.Collect$$$$00000000) referenced from startup_stm32l151xb.o(.text)
 <LI><a href="#[4d]">fputc</a> from uart-board.o(i.fputc) referenced from printfa.o(i.__0printf)
 <LI><a href="#[3b]">main</a> from main.o(i.main) referenced from entry9a.o(.ARM.Collect$$$$0000000B)
</UL>
<P>
<H3>
Global Symbols
</H3>
<P><STRONG><a name="[3d]"></a>__main</STRONG> (Thumb, 0 bytes, Stack size unknown bytes, entry.o(.ARM.Collect$$$$00000000))
<BR>[Address Reference Count : 1]<UL><LI> startup_stm32l151xb.o(.text)
</UL>
<P><STRONG><a name="[1f4]"></a>_main_stk</STRONG> (Thumb, 0 bytes, Stack size unknown bytes, entry2.o(.ARM.Collect$$$$00000001))

<P><STRONG><a name="[6c]"></a>_main_scatterload</STRONG> (Thumb, 0 bytes, Stack size unknown bytes, entry5.o(.ARM.Collect$$$$00000004))
<BR><BR>[Calls]<UL><LI><a href="#[6d]">&gt;&gt;</a>&nbsp;&nbsp;&nbsp;__scatterload
</UL>

<P><STRONG><a name="[8e]"></a>__main_after_scatterload</STRONG> (Thumb, 0 bytes, Stack size unknown bytes, entry5.o(.ARM.Collect$$$$00000004))
<BR><BR>[Called By]<UL><LI><a href="#[6d]">&gt;&gt;</a>&nbsp;&nbsp;&nbsp;__scatterload
</UL>

<P><STRONG><a name="[1f5]"></a>_main_clock</STRONG> (Thumb, 0 bytes, Stack size unknown bytes, entry7b.o(.ARM.Collect$$$$00000008))

<P><STRONG><a name="[1f6]"></a>_main_cpp_init</STRONG> (Thumb, 0 bytes, Stack size unknown bytes, entry8b.o(.ARM.Collect$$$$0000000A))

<P><STRONG><a name="[1f7]"></a>_main_init</STRONG> (Thumb, 0 bytes, Stack size unknown bytes, entry9a.o(.ARM.Collect$$$$0000000B))

<P><STRONG><a name="[1f8]"></a>__rt_final_cpp</STRONG> (Thumb, 0 bytes, Stack size unknown bytes, entry10a.o(.ARM.Collect$$$$0000000D))

<P><STRONG><a name="[1f9]"></a>__rt_final_exit</STRONG> (Thumb, 0 bytes, Stack size unknown bytes, entry11a.o(.ARM.Collect$$$$0000000F))

<P><STRONG><a name="[5]"></a>Reset_Handler</STRONG> (Thumb, 8 bytes, Stack size 0 bytes, startup_stm32l151xb.o(.text))
<BR>[Address Reference Count : 1]<UL><LI> startup_stm32l151xb.o(RESET)
</UL>
<P><STRONG><a name="[7]"></a>HardFault_Handler</STRONG> (Thumb, 2 bytes, Stack size 0 bytes, startup_stm32l151xb.o(.text))
<BR><BR>[Calls]<UL><LI><a href="#[7]">&gt;&gt;</a>&nbsp;&nbsp;&nbsp;HardFault_Handler
</UL>
<BR>[Called By]<UL><LI><a href="#[7]">&gt;&gt;</a>&nbsp;&nbsp;&nbsp;HardFault_Handler
</UL>
<BR>[Address Reference Count : 1]<UL><LI> startup_stm32l151xb.o(RESET)
</UL>
<P><STRONG><a name="[b]"></a>SVC_Handler</STRONG> (Thumb, 2 bytes, Stack size 0 bytes, startup_stm32l151xb.o(.text))
<BR><BR>[Calls]<UL><LI><a href="#[b]">&gt;&gt;</a>&nbsp;&nbsp;&nbsp;SVC_Handler
</UL>
<BR>[Called By]<UL><LI><a href="#[b]">&gt;&gt;</a>&nbsp;&nbsp;&nbsp;SVC_Handler
</UL>
<BR>[Address Reference Count : 1]<UL><LI> startup_stm32l151xb.o(RESET)
</UL>
<P><STRONG><a name="[d]"></a>PendSV_Handler</STRONG> (Thumb, 2 bytes, Stack size 0 bytes, startup_stm32l151xb.o(.text))
<BR><BR>[Calls]<UL><LI><a href="#[d]">&gt;&gt;</a>&nbsp;&nbsp;&nbsp;PendSV_Handler
</UL>
<BR>[Called By]<UL><LI><a href="#[d]">&gt;&gt;</a>&nbsp;&nbsp;&nbsp;PendSV_Handler
</UL>
<BR>[Address Reference Count : 1]<UL><LI> startup_stm32l151xb.o(RESET)
</UL>
<P><STRONG><a name="[21]"></a>ADC1_IRQHandler</STRONG> (Thumb, 0 bytes, Stack size 0 bytes, startup_stm32l151xb.o(.text))
<BR><BR>[Calls]<UL><LI><a href="#[21]">&gt;&gt;</a>&nbsp;&nbsp;&nbsp;ADC1_IRQHandler
</UL>
<BR>[Called By]<UL><LI><a href="#[21]">&gt;&gt;</a>&nbsp;&nbsp;&nbsp;ADC1_IRQHandler
</UL>
<BR>[Address Reference Count : 1]<UL><LI> startup_stm32l151xb.o(RESET)
</UL>
<P><STRONG><a name="[25]"></a>COMP_IRQHandler</STRONG> (Thumb, 0 bytes, Stack size 0 bytes, startup_stm32l151xb.o(.text))
<BR>[Address Reference Count : 1]<UL><LI> startup_stm32l151xb.o(RESET)
</UL>
<P><STRONG><a name="[24]"></a>DAC_IRQHandler</STRONG> (Thumb, 0 bytes, Stack size 0 bytes, startup_stm32l151xb.o(.text))
<BR>[Address Reference Count : 1]<UL><LI> startup_stm32l151xb.o(RESET)
</UL>
<P><STRONG><a name="[1a]"></a>DMA1_Channel1_IRQHandler</STRONG> (Thumb, 0 bytes, Stack size 0 bytes, startup_stm32l151xb.o(.text))
<BR>[Address Reference Count : 1]<UL><LI> startup_stm32l151xb.o(RESET)
</UL>
<P><STRONG><a name="[1b]"></a>DMA1_Channel2_IRQHandler</STRONG> (Thumb, 0 bytes, Stack size 0 bytes, startup_stm32l151xb.o(.text))
<BR>[Address Reference Count : 1]<UL><LI> startup_stm32l151xb.o(RESET)
</UL>
<P><STRONG><a name="[1c]"></a>DMA1_Channel3_IRQHandler</STRONG> (Thumb, 0 bytes, Stack size 0 bytes, startup_stm32l151xb.o(.text))
<BR>[Address Reference Count : 1]<UL><LI> startup_stm32l151xb.o(RESET)
</UL>
<P><STRONG><a name="[1d]"></a>DMA1_Channel4_IRQHandler</STRONG> (Thumb, 0 bytes, Stack size 0 bytes, startup_stm32l151xb.o(.text))
<BR>[Address Reference Count : 1]<UL><LI> startup_stm32l151xb.o(RESET)
</UL>
<P><STRONG><a name="[1e]"></a>DMA1_Channel5_IRQHandler</STRONG> (Thumb, 0 bytes, Stack size 0 bytes, startup_stm32l151xb.o(.text))
<BR>[Address Reference Count : 1]<UL><LI> startup_stm32l151xb.o(RESET)
</UL>
<P><STRONG><a name="[1f]"></a>DMA1_Channel6_IRQHandler</STRONG> (Thumb, 0 bytes, Stack size 0 bytes, startup_stm32l151xb.o(.text))
<BR>[Address Reference Count : 1]<UL><LI> startup_stm32l151xb.o(RESET)
</UL>
<P><STRONG><a name="[20]"></a>DMA1_Channel7_IRQHandler</STRONG> (Thumb, 0 bytes, Stack size 0 bytes, startup_stm32l151xb.o(.text))
<BR>[Address Reference Count : 1]<UL><LI> startup_stm32l151xb.o(RESET)
</UL>
<P><STRONG><a name="[13]"></a>FLASH_IRQHandler</STRONG> (Thumb, 0 bytes, Stack size 0 bytes, startup_stm32l151xb.o(.text))
<BR>[Address Reference Count : 1]<UL><LI> startup_stm32l151xb.o(RESET)
</UL>
<P><STRONG><a name="[2e]"></a>I2C1_ER_IRQHandler</STRONG> (Thumb, 0 bytes, Stack size 0 bytes, startup_stm32l151xb.o(.text))
<BR>[Address Reference Count : 1]<UL><LI> startup_stm32l151xb.o(RESET)
</UL>
<P><STRONG><a name="[2d]"></a>I2C1_EV_IRQHandler</STRONG> (Thumb, 0 bytes, Stack size 0 bytes, startup_stm32l151xb.o(.text))
<BR>[Address Reference Count : 1]<UL><LI> startup_stm32l151xb.o(RESET)
</UL>
<P><STRONG><a name="[30]"></a>I2C2_ER_IRQHandler</STRONG> (Thumb, 0 bytes, Stack size 0 bytes, startup_stm32l151xb.o(.text))
<BR>[Address Reference Count : 1]<UL><LI> startup_stm32l151xb.o(RESET)
</UL>
<P><STRONG><a name="[2f]"></a>I2C2_EV_IRQHandler</STRONG> (Thumb, 0 bytes, Stack size 0 bytes, startup_stm32l151xb.o(.text))
<BR>[Address Reference Count : 1]<UL><LI> startup_stm32l151xb.o(RESET)
</UL>
<P><STRONG><a name="[10]"></a>PVD_IRQHandler</STRONG> (Thumb, 0 bytes, Stack size 0 bytes, startup_stm32l151xb.o(.text))
<BR>[Address Reference Count : 1]<UL><LI> startup_stm32l151xb.o(RESET)
</UL>
<P><STRONG><a name="[14]"></a>RCC_IRQHandler</STRONG> (Thumb, 0 bytes, Stack size 0 bytes, startup_stm32l151xb.o(.text))
<BR>[Address Reference Count : 1]<UL><LI> startup_stm32l151xb.o(RESET)
</UL>
<P><STRONG><a name="[12]"></a>RTC_WKUP_IRQHandler</STRONG> (Thumb, 0 bytes, Stack size 0 bytes, startup_stm32l151xb.o(.text))
<BR>[Address Reference Count : 1]<UL><LI> startup_stm32l151xb.o(RESET)
</UL>
<P><STRONG><a name="[31]"></a>SPI1_IRQHandler</STRONG> (Thumb, 0 bytes, Stack size 0 bytes, startup_stm32l151xb.o(.text))
<BR>[Address Reference Count : 1]<UL><LI> startup_stm32l151xb.o(RESET)
</UL>
<P><STRONG><a name="[32]"></a>SPI2_IRQHandler</STRONG> (Thumb, 0 bytes, Stack size 0 bytes, startup_stm32l151xb.o(.text))
<BR>[Address Reference Count : 1]<UL><LI> startup_stm32l151xb.o(RESET)
</UL>
<P><STRONG><a name="[11]"></a>TAMPER_STAMP_IRQHandler</STRONG> (Thumb, 0 bytes, Stack size 0 bytes, startup_stm32l151xb.o(.text))
<BR>[Address Reference Count : 1]<UL><LI> startup_stm32l151xb.o(RESET)
</UL>
<P><STRONG><a name="[28]"></a>TIM10_IRQHandler</STRONG> (Thumb, 0 bytes, Stack size 0 bytes, startup_stm32l151xb.o(.text))
<BR>[Address Reference Count : 1]<UL><LI> startup_stm32l151xb.o(RESET)
</UL>
<P><STRONG><a name="[29]"></a>TIM11_IRQHandler</STRONG> (Thumb, 0 bytes, Stack size 0 bytes, startup_stm32l151xb.o(.text))
<BR>[Address Reference Count : 1]<UL><LI> startup_stm32l151xb.o(RESET)
</UL>
<P><STRONG><a name="[2a]"></a>TIM2_IRQHandler</STRONG> (Thumb, 0 bytes, Stack size 0 bytes, startup_stm32l151xb.o(.text))
<BR>[Address Reference Count : 1]<UL><LI> startup_stm32l151xb.o(RESET)
</UL>
<P><STRONG><a name="[2b]"></a>TIM3_IRQHandler</STRONG> (Thumb, 0 bytes, Stack size 0 bytes, startup_stm32l151xb.o(.text))
<BR>[Address Reference Count : 1]<UL><LI> startup_stm32l151xb.o(RESET)
</UL>
<P><STRONG><a name="[2c]"></a>TIM4_IRQHandler</STRONG> (Thumb, 0 bytes, Stack size 0 bytes, startup_stm32l151xb.o(.text))
<BR>[Address Reference Count : 1]<UL><LI> startup_stm32l151xb.o(RESET)
</UL>
<P><STRONG><a name="[39]"></a>TIM6_IRQHandler</STRONG> (Thumb, 0 bytes, Stack size 0 bytes, startup_stm32l151xb.o(.text))
<BR>[Address Reference Count : 1]<UL><LI> startup_stm32l151xb.o(RESET)
</UL>
<P><STRONG><a name="[3a]"></a>TIM7_IRQHandler</STRONG> (Thumb, 0 bytes, Stack size 0 bytes, startup_stm32l151xb.o(.text))
<BR>[Address Reference Count : 1]<UL><LI> startup_stm32l151xb.o(RESET)
</UL>
<P><STRONG><a name="[27]"></a>TIM9_IRQHandler</STRONG> (Thumb, 0 bytes, Stack size 0 bytes, startup_stm32l151xb.o(.text))
<BR>[Address Reference Count : 1]<UL><LI> startup_stm32l151xb.o(RESET)
</UL>
<P><STRONG><a name="[34]"></a>USART2_IRQHandler</STRONG> (Thumb, 0 bytes, Stack size 0 bytes, startup_stm32l151xb.o(.text))
<BR>[Address Reference Count : 1]<UL><LI> startup_stm32l151xb.o(RESET)
</UL>
<P><STRONG><a name="[38]"></a>USB_FS_WKUP_IRQHandler</STRONG> (Thumb, 0 bytes, Stack size 0 bytes, startup_stm32l151xb.o(.text))
<BR>[Address Reference Count : 1]<UL><LI> startup_stm32l151xb.o(RESET)
</UL>
<P><STRONG><a name="[22]"></a>USB_HP_IRQHandler</STRONG> (Thumb, 0 bytes, Stack size 0 bytes, startup_stm32l151xb.o(.text))
<BR>[Address Reference Count : 1]<UL><LI> startup_stm32l151xb.o(RESET)
</UL>
<P><STRONG><a name="[23]"></a>USB_LP_IRQHandler</STRONG> (Thumb, 0 bytes, Stack size 0 bytes, startup_stm32l151xb.o(.text))
<BR>[Address Reference Count : 1]<UL><LI> startup_stm32l151xb.o(RESET)
</UL>
<P><STRONG><a name="[f]"></a>WWDG_IRQHandler</STRONG> (Thumb, 0 bytes, Stack size 0 bytes, startup_stm32l151xb.o(.text))
<BR>[Address Reference Count : 1]<UL><LI> startup_stm32l151xb.o(RESET)
</UL>
<P><STRONG><a name="[1fa]"></a>__aeabi_memcpy</STRONG> (Thumb, 36 bytes, Stack size 0 bytes, memcpya.o(.text), UNUSED)

<P><STRONG><a name="[1ba]"></a>__aeabi_memcpy4</STRONG> (Thumb, 0 bytes, Stack size 0 bytes, memcpya.o(.text))
<BR><BR>[Called By]<UL><LI><a href="#[1c6]">&gt;&gt;</a>&nbsp;&nbsp;&nbsp;RtcStartWakeUpAlarm
<LI><a href="#[1bc]">&gt;&gt;</a>&nbsp;&nbsp;&nbsp;RtcGetCalendar
<LI><a href="#[1b8]">&gt;&gt;</a>&nbsp;&nbsp;&nbsp;RtcConvertCalendarTickToTimerTime
<LI><a href="#[184]">&gt;&gt;</a>&nbsp;&nbsp;&nbsp;RtcComputeWakeUpTime
<LI><a href="#[1b9]">&gt;&gt;</a>&nbsp;&nbsp;&nbsp;RtcComputeTimerTimeToAlarmTick
</UL>

<P><STRONG><a name="[1fb]"></a>__aeabi_memcpy8</STRONG> (Thumb, 0 bytes, Stack size 0 bytes, memcpya.o(.text), UNUSED)

<P><STRONG><a name="[6f]"></a>__aeabi_memset</STRONG> (Thumb, 14 bytes, Stack size 0 bytes, memseta.o(.text), UNUSED)
<BR><BR>[Called By]<UL><LI><a href="#[70]">&gt;&gt;</a>&nbsp;&nbsp;&nbsp;_memset$wrapper
<LI><a href="#[6e]">&gt;&gt;</a>&nbsp;&nbsp;&nbsp;__aeabi_memclr
</UL>

<P><STRONG><a name="[1fc]"></a>__aeabi_memset4</STRONG> (Thumb, 0 bytes, Stack size 0 bytes, memseta.o(.text), UNUSED)

<P><STRONG><a name="[1fd]"></a>__aeabi_memset8</STRONG> (Thumb, 0 bytes, Stack size 0 bytes, memseta.o(.text), UNUSED)

<P><STRONG><a name="[6e]"></a>__aeabi_memclr</STRONG> (Thumb, 4 bytes, Stack size 0 bytes, memseta.o(.text), UNUSED)
<BR><BR>[Calls]<UL><LI><a href="#[6f]">&gt;&gt;</a>&nbsp;&nbsp;&nbsp;__aeabi_memset
</UL>

<P><STRONG><a name="[1d5]"></a>__aeabi_memclr4</STRONG> (Thumb, 0 bytes, Stack size 0 bytes, memseta.o(.text))
<BR><BR>[Called By]<UL><LI><a href="#[62]">&gt;&gt;</a>&nbsp;&nbsp;&nbsp;SX1276SetRx
</UL>

<P><STRONG><a name="[1fe]"></a>__aeabi_memclr8</STRONG> (Thumb, 0 bytes, Stack size 0 bytes, memseta.o(.text), UNUSED)

<P><STRONG><a name="[70]"></a>_memset$wrapper</STRONG> (Thumb, 18 bytes, Stack size 8 bytes, memseta.o(.text), UNUSED)
<BR><BR>[Calls]<UL><LI><a href="#[6f]">&gt;&gt;</a>&nbsp;&nbsp;&nbsp;__aeabi_memset
</UL>

<P><STRONG><a name="[e2]"></a>strncmp</STRONG> (Thumb, 30 bytes, Stack size 12 bytes, strncmp.o(.text))
<BR><BR>[Stack]<UL><LI>Max Depth = 12<LI>Call Chain = strncmp
</UL>
<BR>[Called By]<UL><LI><a href="#[ee]">&gt;&gt;</a>&nbsp;&nbsp;&nbsp;GpsParseGpsData
<LI><a href="#[e1]">&gt;&gt;</a>&nbsp;&nbsp;&nbsp;GpsFormatGpsData
</UL>

<P><STRONG><a name="[71]"></a>atoi</STRONG> (Thumb, 26 bytes, Stack size 16 bytes, atoi.o(.text))
<BR><BR>[Stack]<UL><LI>Max Depth = 88<LI>Call Chain = atoi &rArr; strtol &rArr; _strtoul
</UL>
<BR>[Calls]<UL><LI><a href="#[73]">&gt;&gt;</a>&nbsp;&nbsp;&nbsp;strtol
<LI><a href="#[72]">&gt;&gt;</a>&nbsp;&nbsp;&nbsp;__aeabi_errno_addr
</UL>
<BR>[Called By]<UL><LI><a href="#[e3]">&gt;&gt;</a>&nbsp;&nbsp;&nbsp;GpsGetLatestGpsAltitude
</UL>

<P><STRONG><a name="[74]"></a>__aeabi_fadd</STRONG> (Thumb, 164 bytes, Stack size 16 bytes, fadd.o(.text))
<BR><BR>[Stack]<UL><LI>Max Depth = 20<LI>Call Chain = __aeabi_fadd &rArr; _float_epilogue
</UL>
<BR>[Calls]<UL><LI><a href="#[76]">&gt;&gt;</a>&nbsp;&nbsp;&nbsp;_float_round
<LI><a href="#[75]">&gt;&gt;</a>&nbsp;&nbsp;&nbsp;_float_epilogue
</UL>
<BR>[Called By]<UL><LI><a href="#[77]">&gt;&gt;</a>&nbsp;&nbsp;&nbsp;__aeabi_fsub
<LI><a href="#[78]">&gt;&gt;</a>&nbsp;&nbsp;&nbsp;__aeabi_frsub
</UL>

<P><STRONG><a name="[77]"></a>__aeabi_fsub</STRONG> (Thumb, 6 bytes, Stack size 0 bytes, fadd.o(.text))
<BR><BR>[Stack]<UL><LI>Max Depth = 20<LI>Call Chain = __aeabi_fsub &rArr; __aeabi_fadd &rArr; _float_epilogue
</UL>
<BR>[Calls]<UL><LI><a href="#[74]">&gt;&gt;</a>&nbsp;&nbsp;&nbsp;__aeabi_fadd
</UL>
<BR>[Called By]<UL><LI><a href="#[194]">&gt;&gt;</a>&nbsp;&nbsp;&nbsp;RegionCommonComputeTxPower
</UL>

<P><STRONG><a name="[78]"></a>__aeabi_frsub</STRONG> (Thumb, 6 bytes, Stack size 0 bytes, fadd.o(.text))
<BR><BR>[Stack]<UL><LI>Max Depth = 20<LI>Call Chain = __aeabi_frsub &rArr; __aeabi_fadd &rArr; _float_epilogue
</UL>
<BR>[Calls]<UL><LI><a href="#[74]">&gt;&gt;</a>&nbsp;&nbsp;&nbsp;__aeabi_fadd
</UL>
<BR>[Called By]<UL><LI><a href="#[194]">&gt;&gt;</a>&nbsp;&nbsp;&nbsp;RegionCommonComputeTxPower
</UL>

<P><STRONG><a name="[aa]"></a>__aeabi_fmul</STRONG> (Thumb, 100 bytes, Stack size 8 bytes, fmul.o(.text))
<BR><BR>[Stack]<UL><LI>Max Depth = 8<LI>Call Chain = __aeabi_fmul
</UL>
<BR>[Called By]<UL><LI><a href="#[a9]">&gt;&gt;</a>&nbsp;&nbsp;&nbsp;BoardBatteryMeasureVolage
<LI><a href="#[cc]">&gt;&gt;</a>&nbsp;&nbsp;&nbsp;CustomizeMeasureVolage
</UL>

<P><STRONG><a name="[79]"></a>__aeabi_fdiv</STRONG> (Thumb, 124 bytes, Stack size 8 bytes, fdiv.o(.text))
<BR><BR>[Stack]<UL><LI>Max Depth = 8<LI>Call Chain = __aeabi_fdiv
</UL>
<BR>[Calls]<UL><LI><a href="#[76]">&gt;&gt;</a>&nbsp;&nbsp;&nbsp;_float_round
</UL>
<BR>[Called By]<UL><LI><a href="#[a9]">&gt;&gt;</a>&nbsp;&nbsp;&nbsp;BoardBatteryMeasureVolage
<LI><a href="#[cc]">&gt;&gt;</a>&nbsp;&nbsp;&nbsp;CustomizeMeasureVolage
</UL>

<P><STRONG><a name="[7a]"></a>__aeabi_dadd</STRONG> (Thumb, 322 bytes, Stack size 48 bytes, dadd.o(.text))
<BR><BR>[Stack]<UL><LI>Max Depth = 88<LI>Call Chain = __aeabi_dadd &rArr; _double_epilogue &rArr; _double_round
</UL>
<BR>[Calls]<UL><LI><a href="#[7c]">&gt;&gt;</a>&nbsp;&nbsp;&nbsp;__aeabi_lasr
<LI><a href="#[7b]">&gt;&gt;</a>&nbsp;&nbsp;&nbsp;__aeabi_llsl
<LI><a href="#[7e]">&gt;&gt;</a>&nbsp;&nbsp;&nbsp;_double_round
<LI><a href="#[7d]">&gt;&gt;</a>&nbsp;&nbsp;&nbsp;_double_epilogue
</UL>
<BR>[Called By]<UL><LI><a href="#[7f]">&gt;&gt;</a>&nbsp;&nbsp;&nbsp;__aeabi_dsub
<LI><a href="#[5e]">&gt;&gt;</a>&nbsp;&nbsp;&nbsp;SX1276GetTimeOnAir
<LI><a href="#[80]">&gt;&gt;</a>&nbsp;&nbsp;&nbsp;__aeabi_drsub
<LI><a href="#[1b8]">&gt;&gt;</a>&nbsp;&nbsp;&nbsp;RtcConvertCalendarTickToTimerTime
<LI><a href="#[1b9]">&gt;&gt;</a>&nbsp;&nbsp;&nbsp;RtcComputeTimerTimeToAlarmTick
<LI><a href="#[190]">&gt;&gt;</a>&nbsp;&nbsp;&nbsp;RegionCommonComputeRxWindowParameters
<LI><a href="#[1bb]">&gt;&gt;</a>&nbsp;&nbsp;&nbsp;round
<LI><a href="#[196]">&gt;&gt;</a>&nbsp;&nbsp;&nbsp;floor
<LI><a href="#[191]">&gt;&gt;</a>&nbsp;&nbsp;&nbsp;ceil
<LI><a href="#[de]">&gt;&gt;</a>&nbsp;&nbsp;&nbsp;GpsConvertPositionFromStringToNumerical
<LI><a href="#[1e6]">&gt;&gt;</a>&nbsp;&nbsp;&nbsp;_fp_digits
</UL>

<P><STRONG><a name="[7f]"></a>__aeabi_dsub</STRONG> (Thumb, 6 bytes, Stack size 0 bytes, dadd.o(.text))
<BR><BR>[Stack]<UL><LI>Max Depth = 88<LI>Call Chain = __aeabi_dsub &rArr; __aeabi_dadd &rArr; _double_epilogue &rArr; _double_round
</UL>
<BR>[Calls]<UL><LI><a href="#[7a]">&gt;&gt;</a>&nbsp;&nbsp;&nbsp;__aeabi_dadd
</UL>
<BR>[Called By]<UL><LI><a href="#[17d]">&gt;&gt;</a>&nbsp;&nbsp;&nbsp;PrepareTxFrame
<LI><a href="#[1b9]">&gt;&gt;</a>&nbsp;&nbsp;&nbsp;RtcComputeTimerTimeToAlarmTick
<LI><a href="#[190]">&gt;&gt;</a>&nbsp;&nbsp;&nbsp;RegionCommonComputeRxWindowParameters
<LI><a href="#[1bb]">&gt;&gt;</a>&nbsp;&nbsp;&nbsp;round
</UL>

<P><STRONG><a name="[80]"></a>__aeabi_drsub</STRONG> (Thumb, 6 bytes, Stack size 0 bytes, dadd.o(.text))
<BR><BR>[Stack]<UL><LI>Max Depth = 88<LI>Call Chain = __aeabi_drsub &rArr; __aeabi_dadd &rArr; _double_epilogue &rArr; _double_round
</UL>
<BR>[Calls]<UL><LI><a href="#[7a]">&gt;&gt;</a>&nbsp;&nbsp;&nbsp;__aeabi_dadd
</UL>
<BR>[Called By]<UL><LI><a href="#[1bb]">&gt;&gt;</a>&nbsp;&nbsp;&nbsp;round
<LI><a href="#[196]">&gt;&gt;</a>&nbsp;&nbsp;&nbsp;floor
<LI><a href="#[191]">&gt;&gt;</a>&nbsp;&nbsp;&nbsp;ceil
</UL>

<P><STRONG><a name="[81]"></a>__aeabi_dmul</STRONG> (Thumb, 228 bytes, Stack size 48 bytes, dmul.o(.text))
<BR><BR>[Stack]<UL><LI>Max Depth = 88<LI>Call Chain = __aeabi_dmul &rArr; _double_epilogue &rArr; _double_round
</UL>
<BR>[Calls]<UL><LI><a href="#[7d]">&gt;&gt;</a>&nbsp;&nbsp;&nbsp;_double_epilogue
</UL>
<BR>[Called By]<UL><LI><a href="#[17d]">&gt;&gt;</a>&nbsp;&nbsp;&nbsp;PrepareTxFrame
<LI><a href="#[5b]">&gt;&gt;</a>&nbsp;&nbsp;&nbsp;SX1276SetRxConfig
<LI><a href="#[5e]">&gt;&gt;</a>&nbsp;&nbsp;&nbsp;SX1276GetTimeOnAir
<LI><a href="#[1b8]">&gt;&gt;</a>&nbsp;&nbsp;&nbsp;RtcConvertCalendarTickToTimerTime
<LI><a href="#[184]">&gt;&gt;</a>&nbsp;&nbsp;&nbsp;RtcComputeWakeUpTime
<LI><a href="#[1b9]">&gt;&gt;</a>&nbsp;&nbsp;&nbsp;RtcComputeTimerTimeToAlarmTick
<LI><a href="#[193]">&gt;&gt;</a>&nbsp;&nbsp;&nbsp;RegionCommonComputeSymbolTimeLoRa
<LI><a href="#[190]">&gt;&gt;</a>&nbsp;&nbsp;&nbsp;RegionCommonComputeRxWindowParameters
<LI><a href="#[2]">&gt;&gt;</a>&nbsp;&nbsp;&nbsp;SX1276OnDio2Irq
<LI><a href="#[1c7]">&gt;&gt;</a>&nbsp;&nbsp;&nbsp;RxChainCalibration
<LI><a href="#[df]">&gt;&gt;</a>&nbsp;&nbsp;&nbsp;GpsConvertPositionIntoBinary
<LI><a href="#[de]">&gt;&gt;</a>&nbsp;&nbsp;&nbsp;GpsConvertPositionFromStringToNumerical
<LI><a href="#[1e6]">&gt;&gt;</a>&nbsp;&nbsp;&nbsp;_fp_digits
</UL>

<P><STRONG><a name="[82]"></a>__aeabi_ddiv</STRONG> (Thumb, 222 bytes, Stack size 32 bytes, ddiv.o(.text))
<BR><BR>[Stack]<UL><LI>Max Depth = 40<LI>Call Chain = __aeabi_ddiv &rArr; _double_round
</UL>
<BR>[Calls]<UL><LI><a href="#[7e]">&gt;&gt;</a>&nbsp;&nbsp;&nbsp;_double_round
</UL>
<BR>[Called By]<UL><LI><a href="#[5c]">&gt;&gt;</a>&nbsp;&nbsp;&nbsp;SX1276SetTxConfig
<LI><a href="#[5b]">&gt;&gt;</a>&nbsp;&nbsp;&nbsp;SX1276SetRxConfig
<LI><a href="#[58]">&gt;&gt;</a>&nbsp;&nbsp;&nbsp;SX1276SetChannel
<LI><a href="#[5e]">&gt;&gt;</a>&nbsp;&nbsp;&nbsp;SX1276GetTimeOnAir
<LI><a href="#[193]">&gt;&gt;</a>&nbsp;&nbsp;&nbsp;RegionCommonComputeSymbolTimeLoRa
<LI><a href="#[192]">&gt;&gt;</a>&nbsp;&nbsp;&nbsp;RegionCommonComputeSymbolTimeFsk
<LI><a href="#[190]">&gt;&gt;</a>&nbsp;&nbsp;&nbsp;RegionCommonComputeRxWindowParameters
<LI><a href="#[df]">&gt;&gt;</a>&nbsp;&nbsp;&nbsp;GpsConvertPositionIntoBinary
<LI><a href="#[de]">&gt;&gt;</a>&nbsp;&nbsp;&nbsp;GpsConvertPositionFromStringToNumerical
<LI><a href="#[1e6]">&gt;&gt;</a>&nbsp;&nbsp;&nbsp;_fp_digits
</UL>

<P><STRONG><a name="[83]"></a>__aeabi_ui2f</STRONG> (Thumb, 10 bytes, Stack size 0 bytes, ffltui.o(.text))
<BR><BR>[Stack]<UL><LI>Max Depth = 4<LI>Call Chain = __aeabi_ui2f &rArr; _float_epilogue
</UL>
<BR>[Calls]<UL><LI><a href="#[75]">&gt;&gt;</a>&nbsp;&nbsp;&nbsp;_float_epilogue
</UL>
<BR>[Called By]<UL><LI><a href="#[a9]">&gt;&gt;</a>&nbsp;&nbsp;&nbsp;BoardBatteryMeasureVolage
<LI><a href="#[cc]">&gt;&gt;</a>&nbsp;&nbsp;&nbsp;CustomizeMeasureVolage
<LI><a href="#[178]">&gt;&gt;</a>&nbsp;&nbsp;&nbsp;ProcessMacCommands
<LI><a href="#[194]">&gt;&gt;</a>&nbsp;&nbsp;&nbsp;RegionCommonComputeTxPower
</UL>

<P><STRONG><a name="[84]"></a>__aeabi_i2d</STRONG> (Thumb, 34 bytes, Stack size 16 bytes, dflti.o(.text))
<BR><BR>[Stack]<UL><LI>Max Depth = 56<LI>Call Chain = __aeabi_i2d &rArr; _double_epilogue &rArr; _double_round
</UL>
<BR>[Calls]<UL><LI><a href="#[7d]">&gt;&gt;</a>&nbsp;&nbsp;&nbsp;_double_epilogue
</UL>
<BR>[Called By]<UL><LI><a href="#[5e]">&gt;&gt;</a>&nbsp;&nbsp;&nbsp;SX1276GetTimeOnAir
<LI><a href="#[1b9]">&gt;&gt;</a>&nbsp;&nbsp;&nbsp;RtcComputeTimerTimeToAlarmTick
<LI><a href="#[193]">&gt;&gt;</a>&nbsp;&nbsp;&nbsp;RegionCommonComputeSymbolTimeLoRa
<LI><a href="#[190]">&gt;&gt;</a>&nbsp;&nbsp;&nbsp;RegionCommonComputeRxWindowParameters
<LI><a href="#[2]">&gt;&gt;</a>&nbsp;&nbsp;&nbsp;SX1276OnDio2Irq
<LI><a href="#[e1]">&gt;&gt;</a>&nbsp;&nbsp;&nbsp;GpsFormatGpsData
</UL>

<P><STRONG><a name="[85]"></a>__aeabi_ui2d</STRONG> (Thumb, 26 bytes, Stack size 16 bytes, dfltui.o(.text))
<BR><BR>[Stack]<UL><LI>Max Depth = 56<LI>Call Chain = __aeabi_ui2d &rArr; _double_epilogue &rArr; _double_round
</UL>
<BR>[Calls]<UL><LI><a href="#[7d]">&gt;&gt;</a>&nbsp;&nbsp;&nbsp;_double_epilogue
</UL>
<BR>[Called By]<UL><LI><a href="#[17d]">&gt;&gt;</a>&nbsp;&nbsp;&nbsp;PrepareTxFrame
<LI><a href="#[5c]">&gt;&gt;</a>&nbsp;&nbsp;&nbsp;SX1276SetTxConfig
<LI><a href="#[5b]">&gt;&gt;</a>&nbsp;&nbsp;&nbsp;SX1276SetRxConfig
<LI><a href="#[58]">&gt;&gt;</a>&nbsp;&nbsp;&nbsp;SX1276SetChannel
<LI><a href="#[5e]">&gt;&gt;</a>&nbsp;&nbsp;&nbsp;SX1276GetTimeOnAir
<LI><a href="#[1b8]">&gt;&gt;</a>&nbsp;&nbsp;&nbsp;RtcConvertCalendarTickToTimerTime
<LI><a href="#[184]">&gt;&gt;</a>&nbsp;&nbsp;&nbsp;RtcComputeWakeUpTime
<LI><a href="#[1b9]">&gt;&gt;</a>&nbsp;&nbsp;&nbsp;RtcComputeTimerTimeToAlarmTick
<LI><a href="#[193]">&gt;&gt;</a>&nbsp;&nbsp;&nbsp;RegionCommonComputeSymbolTimeLoRa
<LI><a href="#[192]">&gt;&gt;</a>&nbsp;&nbsp;&nbsp;RegionCommonComputeSymbolTimeFsk
<LI><a href="#[190]">&gt;&gt;</a>&nbsp;&nbsp;&nbsp;RegionCommonComputeRxWindowParameters
<LI><a href="#[1c7]">&gt;&gt;</a>&nbsp;&nbsp;&nbsp;RxChainCalibration
<LI><a href="#[de]">&gt;&gt;</a>&nbsp;&nbsp;&nbsp;GpsConvertPositionFromStringToNumerical
</UL>

<P><STRONG><a name="[ab]"></a>__aeabi_f2uiz</STRONG> (Thumb, 40 bytes, Stack size 0 bytes, ffixui.o(.text))
<BR><BR>[Called By]<UL><LI><a href="#[a9]">&gt;&gt;</a>&nbsp;&nbsp;&nbsp;BoardBatteryMeasureVolage
<LI><a href="#[cc]">&gt;&gt;</a>&nbsp;&nbsp;&nbsp;CustomizeMeasureVolage
</UL>

<P><STRONG><a name="[86]"></a>__aeabi_d2iz</STRONG> (Thumb, 62 bytes, Stack size 16 bytes, dfixi.o(.text))
<BR><BR>[Stack]<UL><LI>Max Depth = 16<LI>Call Chain = __aeabi_d2iz
</UL>
<BR>[Calls]<UL><LI><a href="#[87]">&gt;&gt;</a>&nbsp;&nbsp;&nbsp;__aeabi_llsr
</UL>
<BR>[Called By]<UL><LI><a href="#[17d]">&gt;&gt;</a>&nbsp;&nbsp;&nbsp;PrepareTxFrame
<LI><a href="#[1b9]">&gt;&gt;</a>&nbsp;&nbsp;&nbsp;RtcComputeTimerTimeToAlarmTick
<LI><a href="#[194]">&gt;&gt;</a>&nbsp;&nbsp;&nbsp;RegionCommonComputeTxPower
<LI><a href="#[190]">&gt;&gt;</a>&nbsp;&nbsp;&nbsp;RegionCommonComputeRxWindowParameters
<LI><a href="#[2]">&gt;&gt;</a>&nbsp;&nbsp;&nbsp;SX1276OnDio2Irq
<LI><a href="#[df]">&gt;&gt;</a>&nbsp;&nbsp;&nbsp;GpsConvertPositionIntoBinary
</UL>

<P><STRONG><a name="[88]"></a>__aeabi_d2uiz</STRONG> (Thumb, 50 bytes, Stack size 8 bytes, dfixui.o(.text))
<BR><BR>[Stack]<UL><LI>Max Depth = 8<LI>Call Chain = __aeabi_d2uiz
</UL>
<BR>[Calls]<UL><LI><a href="#[87]">&gt;&gt;</a>&nbsp;&nbsp;&nbsp;__aeabi_llsr
</UL>
<BR>[Called By]<UL><LI><a href="#[17d]">&gt;&gt;</a>&nbsp;&nbsp;&nbsp;PrepareTxFrame
<LI><a href="#[5c]">&gt;&gt;</a>&nbsp;&nbsp;&nbsp;SX1276SetTxConfig
<LI><a href="#[5b]">&gt;&gt;</a>&nbsp;&nbsp;&nbsp;SX1276SetRxConfig
<LI><a href="#[58]">&gt;&gt;</a>&nbsp;&nbsp;&nbsp;SX1276SetChannel
<LI><a href="#[5e]">&gt;&gt;</a>&nbsp;&nbsp;&nbsp;SX1276GetTimeOnAir
<LI><a href="#[1b8]">&gt;&gt;</a>&nbsp;&nbsp;&nbsp;RtcConvertCalendarTickToTimerTime
<LI><a href="#[184]">&gt;&gt;</a>&nbsp;&nbsp;&nbsp;RtcComputeWakeUpTime
<LI><a href="#[1b9]">&gt;&gt;</a>&nbsp;&nbsp;&nbsp;RtcComputeTimerTimeToAlarmTick
<LI><a href="#[190]">&gt;&gt;</a>&nbsp;&nbsp;&nbsp;RegionCommonComputeRxWindowParameters
<LI><a href="#[1c7]">&gt;&gt;</a>&nbsp;&nbsp;&nbsp;RxChainCalibration
</UL>

<P><STRONG><a name="[195]"></a>__aeabi_f2d</STRONG> (Thumb, 38 bytes, Stack size 0 bytes, f2d.o(.text))
<BR><BR>[Called By]<UL><LI><a href="#[194]">&gt;&gt;</a>&nbsp;&nbsp;&nbsp;RegionCommonComputeTxPower
</UL>

<P><STRONG><a name="[e5]"></a>__aeabi_cdcmpeq</STRONG> (Thumb, 0 bytes, Stack size 0 bytes, cdcmple.o(.text))
<BR><BR>[Called By]<UL><LI><a href="#[e7]">&gt;&gt;</a>&nbsp;&nbsp;&nbsp;GpsGetLatestGpsPositionDouble
<LI><a href="#[e3]">&gt;&gt;</a>&nbsp;&nbsp;&nbsp;GpsGetLatestGpsAltitude
</UL>

<P><STRONG><a name="[1f3]"></a>__aeabi_cdcmple</STRONG> (Thumb, 48 bytes, Stack size 0 bytes, cdcmple.o(.text))
<BR><BR>[Called By]<UL><LI><a href="#[1bb]">&gt;&gt;</a>&nbsp;&nbsp;&nbsp;round
</UL>

<P><STRONG><a name="[e0]"></a>__aeabi_cdrcmple</STRONG> (Thumb, 48 bytes, Stack size 0 bytes, cdrcmple.o(.text))
<BR><BR>[Called By]<UL><LI><a href="#[5e]">&gt;&gt;</a>&nbsp;&nbsp;&nbsp;SX1276GetTimeOnAir
<LI><a href="#[1b9]">&gt;&gt;</a>&nbsp;&nbsp;&nbsp;RtcComputeTimerTimeToAlarmTick
<LI><a href="#[1bb]">&gt;&gt;</a>&nbsp;&nbsp;&nbsp;round
<LI><a href="#[196]">&gt;&gt;</a>&nbsp;&nbsp;&nbsp;floor
<LI><a href="#[191]">&gt;&gt;</a>&nbsp;&nbsp;&nbsp;ceil
<LI><a href="#[df]">&gt;&gt;</a>&nbsp;&nbsp;&nbsp;GpsConvertPositionIntoBinary
<LI><a href="#[1e6]">&gt;&gt;</a>&nbsp;&nbsp;&nbsp;_fp_digits
</UL>

<P><STRONG><a name="[1ff]"></a>__aeabi_uidiv</STRONG> (Thumb, 0 bytes, Stack size 12 bytes, uidiv.o(.text), UNUSED)

<P><STRONG><a name="[1e9]"></a>__aeabi_uidivmod</STRONG> (Thumb, 44 bytes, Stack size 12 bytes, uidiv.o(.text), UNUSED)
<BR><BR>[Called By]<UL><LI><a href="#[1e5]">&gt;&gt;</a>&nbsp;&nbsp;&nbsp;_printf_core
</UL>

<P><STRONG><a name="[89]"></a>__aeabi_uldivmod</STRONG> (Thumb, 98 bytes, Stack size 40 bytes, uldiv.o(.text), UNUSED)
<BR><BR>[Calls]<UL><LI><a href="#[87]">&gt;&gt;</a>&nbsp;&nbsp;&nbsp;__aeabi_llsr
<LI><a href="#[7b]">&gt;&gt;</a>&nbsp;&nbsp;&nbsp;__aeabi_llsl
</UL>
<BR>[Called By]<UL><LI><a href="#[1e5]">&gt;&gt;</a>&nbsp;&nbsp;&nbsp;_printf_core
<LI><a href="#[1e6]">&gt;&gt;</a>&nbsp;&nbsp;&nbsp;_fp_digits
</UL>

<P><STRONG><a name="[7b]"></a>__aeabi_llsl</STRONG> (Thumb, 30 bytes, Stack size 0 bytes, llshl.o(.text))
<BR><BR>[Called By]<UL><LI><a href="#[7a]">&gt;&gt;</a>&nbsp;&nbsp;&nbsp;__aeabi_dadd
<LI><a href="#[8c]">&gt;&gt;</a>&nbsp;&nbsp;&nbsp;_drnd
<LI><a href="#[89]">&gt;&gt;</a>&nbsp;&nbsp;&nbsp;__aeabi_uldivmod
<LI><a href="#[7d]">&gt;&gt;</a>&nbsp;&nbsp;&nbsp;_double_epilogue
<LI><a href="#[8d]">&gt;&gt;</a>&nbsp;&nbsp;&nbsp;__aeabi_d2ulz
</UL>

<P><STRONG><a name="[200]"></a>_ll_shift_l</STRONG> (Thumb, 0 bytes, Stack size 0 bytes, llshl.o(.text), UNUSED)

<P><STRONG><a name="[87]"></a>__aeabi_llsr</STRONG> (Thumb, 32 bytes, Stack size 0 bytes, llushr.o(.text))
<BR><BR>[Called By]<UL><LI><a href="#[88]">&gt;&gt;</a>&nbsp;&nbsp;&nbsp;__aeabi_d2uiz
<LI><a href="#[86]">&gt;&gt;</a>&nbsp;&nbsp;&nbsp;__aeabi_d2iz
<LI><a href="#[8c]">&gt;&gt;</a>&nbsp;&nbsp;&nbsp;_drnd
<LI><a href="#[89]">&gt;&gt;</a>&nbsp;&nbsp;&nbsp;__aeabi_uldivmod
<LI><a href="#[7d]">&gt;&gt;</a>&nbsp;&nbsp;&nbsp;_double_epilogue
<LI><a href="#[8d]">&gt;&gt;</a>&nbsp;&nbsp;&nbsp;__aeabi_d2ulz
</UL>

<P><STRONG><a name="[201]"></a>_ll_ushift_r</STRONG> (Thumb, 0 bytes, Stack size 0 bytes, llushr.o(.text), UNUSED)

<P><STRONG><a name="[7c]"></a>__aeabi_lasr</STRONG> (Thumb, 36 bytes, Stack size 0 bytes, llsshr.o(.text))
<BR><BR>[Called By]<UL><LI><a href="#[7a]">&gt;&gt;</a>&nbsp;&nbsp;&nbsp;__aeabi_dadd
</UL>

<P><STRONG><a name="[202]"></a>_ll_sshift_r</STRONG> (Thumb, 0 bytes, Stack size 0 bytes, llsshr.o(.text), UNUSED)

<P><STRONG><a name="[73]"></a>strtol</STRONG> (Thumb, 112 bytes, Stack size 32 bytes, strtol.o(.text))
<BR><BR>[Stack]<UL><LI>Max Depth = 72<LI>Call Chain = strtol &rArr; _strtoul
</UL>
<BR>[Calls]<UL><LI><a href="#[8b]">&gt;&gt;</a>&nbsp;&nbsp;&nbsp;_strtoul
<LI><a href="#[8a]">&gt;&gt;</a>&nbsp;&nbsp;&nbsp;__rt_ctype_table
<LI><a href="#[72]">&gt;&gt;</a>&nbsp;&nbsp;&nbsp;__aeabi_errno_addr
</UL>
<BR>[Called By]<UL><LI><a href="#[71]">&gt;&gt;</a>&nbsp;&nbsp;&nbsp;atoi
</UL>

<P><STRONG><a name="[203]"></a>__I$use$fp</STRONG> (Thumb, 0 bytes, Stack size 0 bytes, iusefp.o(.text), UNUSED)

<P><STRONG><a name="[76]"></a>_float_round</STRONG> (Thumb, 18 bytes, Stack size 0 bytes, fepilogue.o(.text))
<BR><BR>[Called By]<UL><LI><a href="#[79]">&gt;&gt;</a>&nbsp;&nbsp;&nbsp;__aeabi_fdiv
<LI><a href="#[74]">&gt;&gt;</a>&nbsp;&nbsp;&nbsp;__aeabi_fadd
</UL>

<P><STRONG><a name="[75]"></a>_float_epilogue</STRONG> (Thumb, 92 bytes, Stack size 4 bytes, fepilogue.o(.text))
<BR><BR>[Stack]<UL><LI>Max Depth = 4<LI>Call Chain = _float_epilogue
</UL>
<BR>[Called By]<UL><LI><a href="#[83]">&gt;&gt;</a>&nbsp;&nbsp;&nbsp;__aeabi_ui2f
<LI><a href="#[74]">&gt;&gt;</a>&nbsp;&nbsp;&nbsp;__aeabi_fadd
</UL>

<P><STRONG><a name="[7e]"></a>_double_round</STRONG> (Thumb, 30 bytes, Stack size 8 bytes, depilogue.o(.text))
<BR><BR>[Stack]<UL><LI>Max Depth = 8<LI>Call Chain = _double_round
</UL>
<BR>[Called By]<UL><LI><a href="#[7a]">&gt;&gt;</a>&nbsp;&nbsp;&nbsp;__aeabi_dadd
<LI><a href="#[82]">&gt;&gt;</a>&nbsp;&nbsp;&nbsp;__aeabi_ddiv
<LI><a href="#[8c]">&gt;&gt;</a>&nbsp;&nbsp;&nbsp;_drnd
<LI><a href="#[7d]">&gt;&gt;</a>&nbsp;&nbsp;&nbsp;_double_epilogue
</UL>

<P><STRONG><a name="[7d]"></a>_double_epilogue</STRONG> (Thumb, 156 bytes, Stack size 32 bytes, depilogue.o(.text))
<BR><BR>[Stack]<UL><LI>Max Depth = 40<LI>Call Chain = _double_epilogue &rArr; _double_round
</UL>
<BR>[Calls]<UL><LI><a href="#[87]">&gt;&gt;</a>&nbsp;&nbsp;&nbsp;__aeabi_llsr
<LI><a href="#[7b]">&gt;&gt;</a>&nbsp;&nbsp;&nbsp;__aeabi_llsl
<LI><a href="#[7e]">&gt;&gt;</a>&nbsp;&nbsp;&nbsp;_double_round
</UL>
<BR>[Called By]<UL><LI><a href="#[85]">&gt;&gt;</a>&nbsp;&nbsp;&nbsp;__aeabi_ui2d
<LI><a href="#[81]">&gt;&gt;</a>&nbsp;&nbsp;&nbsp;__aeabi_dmul
<LI><a href="#[84]">&gt;&gt;</a>&nbsp;&nbsp;&nbsp;__aeabi_i2d
<LI><a href="#[7a]">&gt;&gt;</a>&nbsp;&nbsp;&nbsp;__aeabi_dadd
</UL>

<P><STRONG><a name="[8c]"></a>_drnd</STRONG> (Thumb, 132 bytes, Stack size 24 bytes, drnd.o(.text))
<BR><BR>[Stack]<UL><LI>Max Depth = 32<LI>Call Chain = _drnd &rArr; _double_round
</UL>
<BR>[Calls]<UL><LI><a href="#[87]">&gt;&gt;</a>&nbsp;&nbsp;&nbsp;__aeabi_llsr
<LI><a href="#[7b]">&gt;&gt;</a>&nbsp;&nbsp;&nbsp;__aeabi_llsl
<LI><a href="#[7e]">&gt;&gt;</a>&nbsp;&nbsp;&nbsp;_double_round
</UL>
<BR>[Called By]<UL><LI><a href="#[1bb]">&gt;&gt;</a>&nbsp;&nbsp;&nbsp;round
</UL>

<P><STRONG><a name="[8d]"></a>__aeabi_d2ulz</STRONG> (Thumb, 48 bytes, Stack size 0 bytes, dfixul.o(.text), UNUSED)
<BR><BR>[Calls]<UL><LI><a href="#[87]">&gt;&gt;</a>&nbsp;&nbsp;&nbsp;__aeabi_llsr
<LI><a href="#[7b]">&gt;&gt;</a>&nbsp;&nbsp;&nbsp;__aeabi_llsl
</UL>
<BR>[Called By]<UL><LI><a href="#[1e6]">&gt;&gt;</a>&nbsp;&nbsp;&nbsp;_fp_digits
</UL>

<P><STRONG><a name="[6d]"></a>__scatterload</STRONG> (Thumb, 28 bytes, Stack size 0 bytes, init.o(.text))
<BR><BR>[Calls]<UL><LI><a href="#[8e]">&gt;&gt;</a>&nbsp;&nbsp;&nbsp;__main_after_scatterload
</UL>
<BR>[Called By]<UL><LI><a href="#[6c]">&gt;&gt;</a>&nbsp;&nbsp;&nbsp;_main_scatterload
</UL>

<P><STRONG><a name="[204]"></a>__scatterload_rt2</STRONG> (Thumb, 0 bytes, Stack size 0 bytes, init.o(.text), UNUSED)

<P><STRONG><a name="[8a]"></a>__rt_ctype_table</STRONG> (Thumb, 4 bytes, Stack size 0 bytes, ctype_o.o(.text))
<BR><BR>[Called By]<UL><LI><a href="#[73]">&gt;&gt;</a>&nbsp;&nbsp;&nbsp;strtol
</UL>

<P><STRONG><a name="[8b]"></a>_strtoul</STRONG> (Thumb, 158 bytes, Stack size 40 bytes, _strtoul.o(.text))
<BR><BR>[Stack]<UL><LI>Max Depth = 40<LI>Call Chain = _strtoul
</UL>
<BR>[Calls]<UL><LI><a href="#[8f]">&gt;&gt;</a>&nbsp;&nbsp;&nbsp;_chval
<LI><a href="#[72]">&gt;&gt;</a>&nbsp;&nbsp;&nbsp;__aeabi_errno_addr
</UL>
<BR>[Called By]<UL><LI><a href="#[73]">&gt;&gt;</a>&nbsp;&nbsp;&nbsp;strtol
</UL>

<P><STRONG><a name="[8f]"></a>_chval</STRONG> (Thumb, 28 bytes, Stack size 0 bytes, _chval.o(.text))
<BR><BR>[Called By]<UL><LI><a href="#[8b]">&gt;&gt;</a>&nbsp;&nbsp;&nbsp;_strtoul
</UL>

<P><STRONG><a name="[205]"></a>__decompress</STRONG> (Thumb, 0 bytes, Stack size unknown bytes, __dczerorl.o(.text), UNUSED)

<P><STRONG><a name="[206]"></a>__decompress0</STRONG> (Thumb, 58 bytes, Stack size unknown bytes, __dczerorl.o(.text), UNUSED)

<P><STRONG><a name="[90]"></a>ADC_ConversionStop_Disable</STRONG> (Thumb, 82 bytes, Stack size 16 bytes, stm32l1xx_hal_adc.o(i.ADC_ConversionStop_Disable))
<BR><BR>[Stack]<UL><LI>Max Depth = 16<LI>Call Chain = ADC_ConversionStop_Disable
</UL>
<BR>[Calls]<UL><LI><a href="#[91]">&gt;&gt;</a>&nbsp;&nbsp;&nbsp;HAL_GetTick
</UL>
<BR>[Called By]<UL><LI><a href="#[9f]">&gt;&gt;</a>&nbsp;&nbsp;&nbsp;HAL_ADC_DeInit
</UL>

<P><STRONG><a name="[92]"></a>ADC_Enable</STRONG> (Thumb, 126 bytes, Stack size 16 bytes, stm32l1xx_hal_adc.o(i.ADC_Enable))
<BR><BR>[Stack]<UL><LI>Max Depth = 16<LI>Call Chain = ADC_Enable
</UL>
<BR>[Calls]<UL><LI><a href="#[91]">&gt;&gt;</a>&nbsp;&nbsp;&nbsp;HAL_GetTick
</UL>
<BR>[Called By]<UL><LI><a href="#[a3]">&gt;&gt;</a>&nbsp;&nbsp;&nbsp;HAL_ADC_Start
</UL>

<P><STRONG><a name="[93]"></a>AES_CMAC_Final</STRONG> (Thumb, 442 bytes, Stack size 48 bytes, cmac.o(i.AES_CMAC_Final))
<BR><BR>[Stack]<UL><LI>Max Depth = 112<LI>Call Chain = AES_CMAC_Final &rArr; aes_encrypt &rArr; mix_sub_columns
</UL>
<BR>[Calls]<UL><LI><a href="#[94]">&gt;&gt;</a>&nbsp;&nbsp;&nbsp;memset1
<LI><a href="#[96]">&gt;&gt;</a>&nbsp;&nbsp;&nbsp;memcpy1
<LI><a href="#[95]">&gt;&gt;</a>&nbsp;&nbsp;&nbsp;aes_encrypt
</UL>
<BR>[Called By]<UL><LI><a href="#[15d]">&gt;&gt;</a>&nbsp;&nbsp;&nbsp;LoRaMacJoinComputeMic
<LI><a href="#[154]">&gt;&gt;</a>&nbsp;&nbsp;&nbsp;LoRaMacComputeMic
</UL>

<P><STRONG><a name="[97]"></a>AES_CMAC_Init</STRONG> (Thumb, 34 bytes, Stack size 8 bytes, cmac.o(i.AES_CMAC_Init))
<BR><BR>[Stack]<UL><LI>Max Depth = 16<LI>Call Chain = AES_CMAC_Init &rArr; memset1
</UL>
<BR>[Calls]<UL><LI><a href="#[94]">&gt;&gt;</a>&nbsp;&nbsp;&nbsp;memset1
</UL>
<BR>[Called By]<UL><LI><a href="#[15d]">&gt;&gt;</a>&nbsp;&nbsp;&nbsp;LoRaMacJoinComputeMic
<LI><a href="#[154]">&gt;&gt;</a>&nbsp;&nbsp;&nbsp;LoRaMacComputeMic
</UL>

<P><STRONG><a name="[98]"></a>AES_CMAC_SetKey</STRONG> (Thumb, 18 bytes, Stack size 16 bytes, cmac.o(i.AES_CMAC_SetKey))
<BR><BR>[Stack]<UL><LI>Max Depth = 64<LI>Call Chain = AES_CMAC_SetKey &rArr; aes_set_key &rArr; copy_block_nn
</UL>
<BR>[Calls]<UL><LI><a href="#[99]">&gt;&gt;</a>&nbsp;&nbsp;&nbsp;aes_set_key
</UL>
<BR>[Called By]<UL><LI><a href="#[15d]">&gt;&gt;</a>&nbsp;&nbsp;&nbsp;LoRaMacJoinComputeMic
<LI><a href="#[154]">&gt;&gt;</a>&nbsp;&nbsp;&nbsp;LoRaMacComputeMic
</UL>

<P><STRONG><a name="[9a]"></a>AES_CMAC_Update</STRONG> (Thumb, 232 bytes, Stack size 40 bytes, cmac.o(i.AES_CMAC_Update))
<BR><BR>[Stack]<UL><LI>Max Depth = 104<LI>Call Chain = AES_CMAC_Update &rArr; aes_encrypt &rArr; mix_sub_columns
</UL>
<BR>[Calls]<UL><LI><a href="#[96]">&gt;&gt;</a>&nbsp;&nbsp;&nbsp;memcpy1
<LI><a href="#[95]">&gt;&gt;</a>&nbsp;&nbsp;&nbsp;aes_encrypt
</UL>
<BR>[Called By]<UL><LI><a href="#[15d]">&gt;&gt;</a>&nbsp;&nbsp;&nbsp;LoRaMacJoinComputeMic
<LI><a href="#[154]">&gt;&gt;</a>&nbsp;&nbsp;&nbsp;LoRaMacComputeMic
</UL>

<P><STRONG><a name="[ad]"></a>AdcDeInit</STRONG> (Thumb, 8 bytes, Stack size 0 bytes, adc.o(i.AdcDeInit))
<BR><BR>[Called By]<UL><LI><a href="#[ac]">&gt;&gt;</a>&nbsp;&nbsp;&nbsp;BoardDeInitMcu
</UL>

<P><STRONG><a name="[9b]"></a>AdcInit</STRONG> (Thumb, 32 bytes, Stack size 16 bytes, adc.o(i.AdcInit))
<BR><BR>[Stack]<UL><LI>Max Depth = 156<LI>Call Chain = AdcInit &rArr; AdcMcuInit &rArr; GpioInit &rArr; GpioMcuInit &rArr; HAL_GPIO_Init
</UL>
<BR>[Calls]<UL><LI><a href="#[9c]">&gt;&gt;</a>&nbsp;&nbsp;&nbsp;AdcMcuInit
<LI><a href="#[9d]">&gt;&gt;</a>&nbsp;&nbsp;&nbsp;AdcMcuConfig
</UL>
<BR>[Called By]<UL><LI><a href="#[b2]">&gt;&gt;</a>&nbsp;&nbsp;&nbsp;BoardInitMcu
</UL>

<P><STRONG><a name="[9d]"></a>AdcMcuConfig</STRONG> (Thumb, 48 bytes, Stack size 8 bytes, adc-board.o(i.AdcMcuConfig))
<BR><BR>[Stack]<UL><LI>Max Depth = 32<LI>Call Chain = AdcMcuConfig &rArr; HAL_ADC_Init
</UL>
<BR>[Calls]<UL><LI><a href="#[9e]">&gt;&gt;</a>&nbsp;&nbsp;&nbsp;HAL_ADC_Init
</UL>
<BR>[Called By]<UL><LI><a href="#[9b]">&gt;&gt;</a>&nbsp;&nbsp;&nbsp;AdcInit
</UL>

<P><STRONG><a name="[9c]"></a>AdcMcuInit</STRONG> (Thumb, 70 bytes, Stack size 24 bytes, adc-board.o(i.AdcMcuInit))
<BR><BR>[Stack]<UL><LI>Max Depth = 140<LI>Call Chain = AdcMcuInit &rArr; GpioInit &rArr; GpioMcuInit &rArr; HAL_GPIO_Init
</UL>
<BR>[Calls]<UL><LI><a href="#[9f]">&gt;&gt;</a>&nbsp;&nbsp;&nbsp;HAL_ADC_DeInit
<LI><a href="#[a0]">&gt;&gt;</a>&nbsp;&nbsp;&nbsp;GpioInit
</UL>
<BR>[Called By]<UL><LI><a href="#[9b]">&gt;&gt;</a>&nbsp;&nbsp;&nbsp;AdcInit
</UL>

<P><STRONG><a name="[a1]"></a>AdcMcuReadChannel</STRONG> (Thumb, 260 bytes, Stack size 32 bytes, adc-board.o(i.AdcMcuReadChannel))
<BR><BR>[Stack]<UL><LI>Max Depth = 64<LI>Call Chain = AdcMcuReadChannel &rArr; HAL_ADC_Start &rArr; ADC_Enable
</UL>
<BR>[Calls]<UL><LI><a href="#[a3]">&gt;&gt;</a>&nbsp;&nbsp;&nbsp;HAL_ADC_Start
<LI><a href="#[a4]">&gt;&gt;</a>&nbsp;&nbsp;&nbsp;HAL_ADC_PollForConversion
<LI><a href="#[a5]">&gt;&gt;</a>&nbsp;&nbsp;&nbsp;HAL_ADC_GetValue
<LI><a href="#[9f]">&gt;&gt;</a>&nbsp;&nbsp;&nbsp;HAL_ADC_DeInit
<LI><a href="#[a2]">&gt;&gt;</a>&nbsp;&nbsp;&nbsp;HAL_ADC_ConfigChannel
</UL>
<BR>[Called By]<UL><LI><a href="#[a6]">&gt;&gt;</a>&nbsp;&nbsp;&nbsp;AdcReadChannel
</UL>

<P><STRONG><a name="[a6]"></a>AdcReadChannel</STRONG> (Thumb, 28 bytes, Stack size 16 bytes, adc.o(i.AdcReadChannel))
<BR><BR>[Stack]<UL><LI>Max Depth = 80<LI>Call Chain = AdcReadChannel &rArr; AdcMcuReadChannel &rArr; HAL_ADC_Start &rArr; ADC_Enable
</UL>
<BR>[Calls]<UL><LI><a href="#[a1]">&gt;&gt;</a>&nbsp;&nbsp;&nbsp;AdcMcuReadChannel
</UL>
<BR>[Called By]<UL><LI><a href="#[a9]">&gt;&gt;</a>&nbsp;&nbsp;&nbsp;BoardBatteryMeasureVolage
<LI><a href="#[cc]">&gt;&gt;</a>&nbsp;&nbsp;&nbsp;CustomizeMeasureVolage
</UL>

<P><STRONG><a name="[a7]"></a>BlockLowPowerDuringTask</STRONG> (Thumb, 18 bytes, Stack size 8 bytes, rtc-board.o(i.BlockLowPowerDuringTask))
<BR><BR>[Stack]<UL><LI>Max Depth = 440<LI>Call Chain = BlockLowPowerDuringTask &rArr; RtcRecoverMcuStatus &rArr; BoardInitMcu &rArr; CalibrateSystemWakeupTime &rArr; TimerSetValue &rArr; TimerStop &rArr; TimerSetTimeout &rArr; RtcSetTimeout &rArr; RtcStartWakeUpAlarm &rArr; RtcComputeTimerTimeToAlarmTick &rArr; round &rArr; __aeabi_dsub &rArr; __aeabi_dadd &rArr; _double_epilogue &rArr; _double_round
</UL>
<BR>[Calls]<UL><LI><a href="#[a8]">&gt;&gt;</a>&nbsp;&nbsp;&nbsp;RtcRecoverMcuStatus
</UL>
<BR>[Called By]<UL><LI><a href="#[40]">&gt;&gt;</a>&nbsp;&nbsp;&nbsp;GpsMcuIrqNotify
<LI><a href="#[37]">&gt;&gt;</a>&nbsp;&nbsp;&nbsp;RTC_Alarm_IRQHandler
</UL>

<P><STRONG><a name="[a9]"></a>BoardBatteryMeasureVolage</STRONG> (Thumb, 124 bytes, Stack size 40 bytes, board.o(i.BoardBatteryMeasureVolage))
<BR><BR>[Stack]<UL><LI>Max Depth = 120<LI>Call Chain = BoardBatteryMeasureVolage &rArr; AdcReadChannel &rArr; AdcMcuReadChannel &rArr; HAL_ADC_Start &rArr; ADC_Enable
</UL>
<BR>[Calls]<UL><LI><a href="#[83]">&gt;&gt;</a>&nbsp;&nbsp;&nbsp;__aeabi_ui2f
<LI><a href="#[aa]">&gt;&gt;</a>&nbsp;&nbsp;&nbsp;__aeabi_fmul
<LI><a href="#[79]">&gt;&gt;</a>&nbsp;&nbsp;&nbsp;__aeabi_fdiv
<LI><a href="#[ab]">&gt;&gt;</a>&nbsp;&nbsp;&nbsp;__aeabi_f2uiz
<LI><a href="#[a6]">&gt;&gt;</a>&nbsp;&nbsp;&nbsp;AdcReadChannel
</UL>
<BR>[Called By]<UL><LI><a href="#[51]">&gt;&gt;</a>&nbsp;&nbsp;&nbsp;BoardGetBatteryLevel
</UL>

<P><STRONG><a name="[ac]"></a>BoardDeInitMcu</STRONG> (Thumb, 30 bytes, Stack size 8 bytes, board.o(i.BoardDeInitMcu))
<BR><BR>[Stack]<UL><LI>Max Depth = 140<LI>Call Chain = BoardDeInitMcu &rArr; SpiDeInit &rArr; GpioInit &rArr; GpioMcuInit &rArr; HAL_GPIO_Init
</UL>
<BR>[Calls]<UL><LI><a href="#[ae]">&gt;&gt;</a>&nbsp;&nbsp;&nbsp;SpiDeInit
<LI><a href="#[af]">&gt;&gt;</a>&nbsp;&nbsp;&nbsp;SX1276IoDeInit
<LI><a href="#[ad]">&gt;&gt;</a>&nbsp;&nbsp;&nbsp;AdcDeInit
<LI><a href="#[b0]">&gt;&gt;</a>&nbsp;&nbsp;&nbsp;GpioWrite
</UL>
<BR>[Called By]<UL><LI><a href="#[1bd]">&gt;&gt;</a>&nbsp;&nbsp;&nbsp;RtcEnterLowPowerStopMode
</UL>

<P><STRONG><a name="[e4]"></a>BoardDisableIrq</STRONG> (Thumb, 14 bytes, Stack size 0 bytes, board.o(i.BoardDisableIrq))
<BR><BR>[Called By]<UL><LI><a href="#[ed]">&gt;&gt;</a>&nbsp;&nbsp;&nbsp;UartMcuGetChar
<LI><a href="#[ba]">&gt;&gt;</a>&nbsp;&nbsp;&nbsp;SpiInit
<LI><a href="#[174]">&gt;&gt;</a>&nbsp;&nbsp;&nbsp;TimerStop
<LI><a href="#[c8]">&gt;&gt;</a>&nbsp;&nbsp;&nbsp;TimerStart
<LI><a href="#[e9]">&gt;&gt;</a>&nbsp;&nbsp;&nbsp;GpsGetPpsDetectedState
<LI><a href="#[e3]">&gt;&gt;</a>&nbsp;&nbsp;&nbsp;GpsGetLatestGpsAltitude
<LI><a href="#[1cf]">&gt;&gt;</a>&nbsp;&nbsp;&nbsp;SpiInOut
</UL>

<P><STRONG><a name="[e6]"></a>BoardEnableIrq</STRONG> (Thumb, 20 bytes, Stack size 0 bytes, board.o(i.BoardEnableIrq))
<BR><BR>[Called By]<UL><LI><a href="#[ed]">&gt;&gt;</a>&nbsp;&nbsp;&nbsp;UartMcuGetChar
<LI><a href="#[ba]">&gt;&gt;</a>&nbsp;&nbsp;&nbsp;SpiInit
<LI><a href="#[174]">&gt;&gt;</a>&nbsp;&nbsp;&nbsp;TimerStop
<LI><a href="#[c8]">&gt;&gt;</a>&nbsp;&nbsp;&nbsp;TimerStart
<LI><a href="#[e9]">&gt;&gt;</a>&nbsp;&nbsp;&nbsp;GpsGetPpsDetectedState
<LI><a href="#[e3]">&gt;&gt;</a>&nbsp;&nbsp;&nbsp;GpsGetLatestGpsAltitude
<LI><a href="#[1cf]">&gt;&gt;</a>&nbsp;&nbsp;&nbsp;SpiInOut
</UL>

<P><STRONG><a name="[51]"></a>BoardGetBatteryLevel</STRONG> (Thumb, 120 bytes, Stack size 8 bytes, board.o(i.BoardGetBatteryLevel))
<BR><BR>[Stack]<UL><LI>Max Depth = 128<LI>Call Chain = BoardGetBatteryLevel &rArr; BoardBatteryMeasureVolage &rArr; AdcReadChannel &rArr; AdcMcuReadChannel &rArr; HAL_ADC_Start &rArr; ADC_Enable
</UL>
<BR>[Calls]<UL><LI><a href="#[b1]">&gt;&gt;</a>&nbsp;&nbsp;&nbsp;GetBoardPowerSource
<LI><a href="#[a9]">&gt;&gt;</a>&nbsp;&nbsp;&nbsp;BoardBatteryMeasureVolage
</UL>
<BR>[Address Reference Count : 1]<UL><LI> main.o(i.main)
</UL>
<P><STRONG><a name="[b2]"></a>BoardInitMcu</STRONG> (Thumb, 158 bytes, Stack size 16 bytes, board.o(i.BoardInitMcu))
<BR><BR>[Stack]<UL><LI>Max Depth = 424<LI>Call Chain = BoardInitMcu &rArr; CalibrateSystemWakeupTime &rArr; TimerSetValue &rArr; TimerStop &rArr; TimerSetTimeout &rArr; RtcSetTimeout &rArr; RtcStartWakeUpAlarm &rArr; RtcComputeTimerTimeToAlarmTick &rArr; round &rArr; __aeabi_dsub &rArr; __aeabi_dadd &rArr; _double_epilogue &rArr; _double_round
</UL>
<BR>[Calls]<UL><LI><a href="#[b5]">&gt;&gt;</a>&nbsp;&nbsp;&nbsp;UartMcuInit
<LI><a href="#[b6]">&gt;&gt;</a>&nbsp;&nbsp;&nbsp;UartMcuConfig
<LI><a href="#[ba]">&gt;&gt;</a>&nbsp;&nbsp;&nbsp;SpiInit
<LI><a href="#[bb]">&gt;&gt;</a>&nbsp;&nbsp;&nbsp;SX1276IoInit
<LI><a href="#[b7]">&gt;&gt;</a>&nbsp;&nbsp;&nbsp;RtcInit
<LI><a href="#[b3]">&gt;&gt;</a>&nbsp;&nbsp;&nbsp;HAL_Init
<LI><a href="#[9b]">&gt;&gt;</a>&nbsp;&nbsp;&nbsp;AdcInit
<LI><a href="#[b1]">&gt;&gt;</a>&nbsp;&nbsp;&nbsp;GetBoardPowerSource
<LI><a href="#[b9]">&gt;&gt;</a>&nbsp;&nbsp;&nbsp;SystemClockReConfig
<LI><a href="#[b4]">&gt;&gt;</a>&nbsp;&nbsp;&nbsp;SystemClockConfig
<LI><a href="#[bc]">&gt;&gt;</a>&nbsp;&nbsp;&nbsp;CalibrateSystemWakeupTime
<LI><a href="#[b8]">&gt;&gt;</a>&nbsp;&nbsp;&nbsp;BoardUnusedIoInit
<LI><a href="#[a0]">&gt;&gt;</a>&nbsp;&nbsp;&nbsp;GpioInit
</UL>
<BR>[Called By]<UL><LI><a href="#[a8]">&gt;&gt;</a>&nbsp;&nbsp;&nbsp;RtcRecoverMcuStatus
<LI><a href="#[3b]">&gt;&gt;</a>&nbsp;&nbsp;&nbsp;main
</UL>

<P><STRONG><a name="[bd]"></a>BoardInitPeriph</STRONG> (Thumb, 86 bytes, Stack size 24 bytes, board.o(i.BoardInitPeriph))
<BR><BR>[Stack]<UL><LI>Max Depth = 264<LI>Call Chain = BoardInitPeriph &rArr; LIS3DH_Init &rArr; LIS3DH_SetTemperature &rArr; LIS3DH_WriteReg &rArr; I2cWriteBuffer &rArr; I2cMcuWriteBuffer &rArr; HAL_I2C_Mem_Write &rArr; I2C_RequestMemoryWrite &rArr; I2C_WaitOnMasterAddressFlagUntilTimeout
</UL>
<BR>[Calls]<UL><LI><a href="#[bf]">&gt;&gt;</a>&nbsp;&nbsp;&nbsp;LIS3DH_Init
<LI><a href="#[be]">&gt;&gt;</a>&nbsp;&nbsp;&nbsp;GpsInit
<LI><a href="#[a0]">&gt;&gt;</a>&nbsp;&nbsp;&nbsp;GpioInit
<LI><a href="#[b0]">&gt;&gt;</a>&nbsp;&nbsp;&nbsp;GpioWrite
</UL>
<BR>[Called By]<UL><LI><a href="#[3b]">&gt;&gt;</a>&nbsp;&nbsp;&nbsp;main
</UL>

<P><STRONG><a name="[9]"></a>BusFault_Handler</STRONG> (Thumb, 4 bytes, Stack size 0 bytes, sysirqhandlers.o(i.BusFault_Handler))
<BR>[Address Reference Count : 1]<UL><LI> startup_stm32l151xb.o(RESET)
</UL>
<P><STRONG><a name="[cc]"></a>CustomizeMeasureVolage</STRONG> (Thumb, 128 bytes, Stack size 40 bytes, board.o(i.CustomizeMeasureVolage))
<BR><BR>[Stack]<UL><LI>Max Depth = 120<LI>Call Chain = CustomizeMeasureVolage &rArr; AdcReadChannel &rArr; AdcMcuReadChannel &rArr; HAL_ADC_Start &rArr; ADC_Enable
</UL>
<BR>[Calls]<UL><LI><a href="#[83]">&gt;&gt;</a>&nbsp;&nbsp;&nbsp;__aeabi_ui2f
<LI><a href="#[aa]">&gt;&gt;</a>&nbsp;&nbsp;&nbsp;__aeabi_fmul
<LI><a href="#[79]">&gt;&gt;</a>&nbsp;&nbsp;&nbsp;__aeabi_fdiv
<LI><a href="#[ab]">&gt;&gt;</a>&nbsp;&nbsp;&nbsp;__aeabi_f2uiz
<LI><a href="#[a6]">&gt;&gt;</a>&nbsp;&nbsp;&nbsp;AdcReadChannel
</UL>
<BR>[Called By]<UL><LI><a href="#[17d]">&gt;&gt;</a>&nbsp;&nbsp;&nbsp;PrepareTxFrame
</UL>

<P><STRONG><a name="[c]"></a>DebugMon_Handler</STRONG> (Thumb, 2 bytes, Stack size 0 bytes, sysirqhandlers.o(i.DebugMon_Handler))
<BR>[Address Reference Count : 1]<UL><LI> startup_stm32l151xb.o(RESET)
</UL>
<P><STRONG><a name="[cd]"></a>DelayMs</STRONG> (Thumb, 12 bytes, Stack size 8 bytes, delay.o(i.DelayMs))
<BR><BR>[Stack]<UL><LI>Max Depth = 24<LI>Call Chain = DelayMs &rArr; HAL_Delay
</UL>
<BR>[Calls]<UL><LI><a href="#[ce]">&gt;&gt;</a>&nbsp;&nbsp;&nbsp;HAL_Delay
</UL>
<BR>[Called By]<UL><LI><a href="#[bf]">&gt;&gt;</a>&nbsp;&nbsp;&nbsp;LIS3DH_Init
<LI><a href="#[5f]">&gt;&gt;</a>&nbsp;&nbsp;&nbsp;SX1276Send
<LI><a href="#[5a]">&gt;&gt;</a>&nbsp;&nbsp;&nbsp;SX1276Random
<LI><a href="#[59]">&gt;&gt;</a>&nbsp;&nbsp;&nbsp;SX1276IsChannelFree
<LI><a href="#[1ca]">&gt;&gt;</a>&nbsp;&nbsp;&nbsp;SX1276Reset
</UL>

<P><STRONG><a name="[15]"></a>EXTI0_IRQHandler</STRONG> (Thumb, 14 bytes, Stack size 8 bytes, gpio-board.o(i.EXTI0_IRQHandler))
<BR><BR>[Stack]<UL><LI>Max Depth = 440<LI>Call Chain = EXTI0_IRQHandler &rArr; RtcRecoverMcuStatus &rArr; BoardInitMcu &rArr; CalibrateSystemWakeupTime &rArr; TimerSetValue &rArr; TimerStop &rArr; TimerSetTimeout &rArr; RtcSetTimeout &rArr; RtcStartWakeUpAlarm &rArr; RtcComputeTimerTimeToAlarmTick &rArr; round &rArr; __aeabi_dsub &rArr; __aeabi_dadd &rArr; _double_epilogue &rArr; _double_round
</UL>
<BR>[Calls]<UL><LI><a href="#[a8]">&gt;&gt;</a>&nbsp;&nbsp;&nbsp;RtcRecoverMcuStatus
<LI><a href="#[cf]">&gt;&gt;</a>&nbsp;&nbsp;&nbsp;HAL_GPIO_EXTI_IRQHandler
</UL>
<BR>[Address Reference Count : 1]<UL><LI> startup_stm32l151xb.o(RESET)
</UL>
<P><STRONG><a name="[36]"></a>EXTI15_10_IRQHandler</STRONG> (Thumb, 56 bytes, Stack size 8 bytes, gpio-board.o(i.EXTI15_10_IRQHandler))
<BR><BR>[Stack]<UL><LI>Max Depth = 440<LI>Call Chain = EXTI15_10_IRQHandler &rArr; RtcRecoverMcuStatus &rArr; BoardInitMcu &rArr; CalibrateSystemWakeupTime &rArr; TimerSetValue &rArr; TimerStop &rArr; TimerSetTimeout &rArr; RtcSetTimeout &rArr; RtcStartWakeUpAlarm &rArr; RtcComputeTimerTimeToAlarmTick &rArr; round &rArr; __aeabi_dsub &rArr; __aeabi_dadd &rArr; _double_epilogue &rArr; _double_round
</UL>
<BR>[Calls]<UL><LI><a href="#[a8]">&gt;&gt;</a>&nbsp;&nbsp;&nbsp;RtcRecoverMcuStatus
<LI><a href="#[cf]">&gt;&gt;</a>&nbsp;&nbsp;&nbsp;HAL_GPIO_EXTI_IRQHandler
</UL>
<BR>[Address Reference Count : 1]<UL><LI> startup_stm32l151xb.o(RESET)
</UL>
<P><STRONG><a name="[16]"></a>EXTI1_IRQHandler</STRONG> (Thumb, 14 bytes, Stack size 8 bytes, gpio-board.o(i.EXTI1_IRQHandler))
<BR><BR>[Stack]<UL><LI>Max Depth = 440<LI>Call Chain = EXTI1_IRQHandler &rArr; RtcRecoverMcuStatus &rArr; BoardInitMcu &rArr; CalibrateSystemWakeupTime &rArr; TimerSetValue &rArr; TimerStop &rArr; TimerSetTimeout &rArr; RtcSetTimeout &rArr; RtcStartWakeUpAlarm &rArr; RtcComputeTimerTimeToAlarmTick &rArr; round &rArr; __aeabi_dsub &rArr; __aeabi_dadd &rArr; _double_epilogue &rArr; _double_round
</UL>
<BR>[Calls]<UL><LI><a href="#[a8]">&gt;&gt;</a>&nbsp;&nbsp;&nbsp;RtcRecoverMcuStatus
<LI><a href="#[cf]">&gt;&gt;</a>&nbsp;&nbsp;&nbsp;HAL_GPIO_EXTI_IRQHandler
</UL>
<BR>[Address Reference Count : 1]<UL><LI> startup_stm32l151xb.o(RESET)
</UL>
<P><STRONG><a name="[17]"></a>EXTI2_IRQHandler</STRONG> (Thumb, 14 bytes, Stack size 8 bytes, gpio-board.o(i.EXTI2_IRQHandler))
<BR><BR>[Stack]<UL><LI>Max Depth = 440<LI>Call Chain = EXTI2_IRQHandler &rArr; RtcRecoverMcuStatus &rArr; BoardInitMcu &rArr; CalibrateSystemWakeupTime &rArr; TimerSetValue &rArr; TimerStop &rArr; TimerSetTimeout &rArr; RtcSetTimeout &rArr; RtcStartWakeUpAlarm &rArr; RtcComputeTimerTimeToAlarmTick &rArr; round &rArr; __aeabi_dsub &rArr; __aeabi_dadd &rArr; _double_epilogue &rArr; _double_round
</UL>
<BR>[Calls]<UL><LI><a href="#[a8]">&gt;&gt;</a>&nbsp;&nbsp;&nbsp;RtcRecoverMcuStatus
<LI><a href="#[cf]">&gt;&gt;</a>&nbsp;&nbsp;&nbsp;HAL_GPIO_EXTI_IRQHandler
</UL>
<BR>[Address Reference Count : 1]<UL><LI> startup_stm32l151xb.o(RESET)
</UL>
<P><STRONG><a name="[18]"></a>EXTI3_IRQHandler</STRONG> (Thumb, 14 bytes, Stack size 8 bytes, gpio-board.o(i.EXTI3_IRQHandler))
<BR><BR>[Stack]<UL><LI>Max Depth = 440<LI>Call Chain = EXTI3_IRQHandler &rArr; RtcRecoverMcuStatus &rArr; BoardInitMcu &rArr; CalibrateSystemWakeupTime &rArr; TimerSetValue &rArr; TimerStop &rArr; TimerSetTimeout &rArr; RtcSetTimeout &rArr; RtcStartWakeUpAlarm &rArr; RtcComputeTimerTimeToAlarmTick &rArr; round &rArr; __aeabi_dsub &rArr; __aeabi_dadd &rArr; _double_epilogue &rArr; _double_round
</UL>
<BR>[Calls]<UL><LI><a href="#[a8]">&gt;&gt;</a>&nbsp;&nbsp;&nbsp;RtcRecoverMcuStatus
<LI><a href="#[cf]">&gt;&gt;</a>&nbsp;&nbsp;&nbsp;HAL_GPIO_EXTI_IRQHandler
</UL>
<BR>[Address Reference Count : 1]<UL><LI> startup_stm32l151xb.o(RESET)
</UL>
<P><STRONG><a name="[19]"></a>EXTI4_IRQHandler</STRONG> (Thumb, 14 bytes, Stack size 8 bytes, gpio-board.o(i.EXTI4_IRQHandler))
<BR><BR>[Stack]<UL><LI>Max Depth = 440<LI>Call Chain = EXTI4_IRQHandler &rArr; RtcRecoverMcuStatus &rArr; BoardInitMcu &rArr; CalibrateSystemWakeupTime &rArr; TimerSetValue &rArr; TimerStop &rArr; TimerSetTimeout &rArr; RtcSetTimeout &rArr; RtcStartWakeUpAlarm &rArr; RtcComputeTimerTimeToAlarmTick &rArr; round &rArr; __aeabi_dsub &rArr; __aeabi_dadd &rArr; _double_epilogue &rArr; _double_round
</UL>
<BR>[Calls]<UL><LI><a href="#[a8]">&gt;&gt;</a>&nbsp;&nbsp;&nbsp;RtcRecoverMcuStatus
<LI><a href="#[cf]">&gt;&gt;</a>&nbsp;&nbsp;&nbsp;HAL_GPIO_EXTI_IRQHandler
</UL>
<BR>[Address Reference Count : 1]<UL><LI> startup_stm32l151xb.o(RESET)
</UL>
<P><STRONG><a name="[26]"></a>EXTI9_5_IRQHandler</STRONG> (Thumb, 42 bytes, Stack size 8 bytes, gpio-board.o(i.EXTI9_5_IRQHandler))
<BR><BR>[Stack]<UL><LI>Max Depth = 440<LI>Call Chain = EXTI9_5_IRQHandler &rArr; RtcRecoverMcuStatus &rArr; BoardInitMcu &rArr; CalibrateSystemWakeupTime &rArr; TimerSetValue &rArr; TimerStop &rArr; TimerSetTimeout &rArr; RtcSetTimeout &rArr; RtcStartWakeUpAlarm &rArr; RtcComputeTimerTimeToAlarmTick &rArr; round &rArr; __aeabi_dsub &rArr; __aeabi_dadd &rArr; _double_epilogue &rArr; _double_round
</UL>
<BR>[Calls]<UL><LI><a href="#[a8]">&gt;&gt;</a>&nbsp;&nbsp;&nbsp;RtcRecoverMcuStatus
<LI><a href="#[cf]">&gt;&gt;</a>&nbsp;&nbsp;&nbsp;HAL_GPIO_EXTI_IRQHandler
</UL>
<BR>[Address Reference Count : 1]<UL><LI> startup_stm32l151xb.o(RESET)
</UL>
<P><STRONG><a name="[1e3]"></a>FifoInit</STRONG> (Thumb, 12 bytes, Stack size 0 bytes, fifo.o(i.FifoInit))
<BR><BR>[Called By]<UL><LI><a href="#[b6]">&gt;&gt;</a>&nbsp;&nbsp;&nbsp;UartMcuConfig
</UL>

<P><STRONG><a name="[d0]"></a>FifoPop</STRONG> (Thumb, 30 bytes, Stack size 16 bytes, fifo.o(i.FifoPop))
<BR><BR>[Stack]<UL><LI>Max Depth = 24<LI>Call Chain = FifoPop &rArr; FifoNext
</UL>
<BR>[Calls]<UL><LI><a href="#[d1]">&gt;&gt;</a>&nbsp;&nbsp;&nbsp;FifoNext
</UL>
<BR>[Called By]<UL><LI><a href="#[ed]">&gt;&gt;</a>&nbsp;&nbsp;&nbsp;UartMcuGetChar
<LI><a href="#[134]">&gt;&gt;</a>&nbsp;&nbsp;&nbsp;HAL_UART_TxCpltCallback
</UL>

<P><STRONG><a name="[d2]"></a>FifoPush</STRONG> (Thumb, 24 bytes, Stack size 16 bytes, fifo.o(i.FifoPush))
<BR><BR>[Stack]<UL><LI>Max Depth = 24<LI>Call Chain = FifoPush &rArr; FifoNext
</UL>
<BR>[Calls]<UL><LI><a href="#[d1]">&gt;&gt;</a>&nbsp;&nbsp;&nbsp;FifoNext
</UL>
<BR>[Called By]<UL><LI><a href="#[130]">&gt;&gt;</a>&nbsp;&nbsp;&nbsp;HAL_UART_RxCpltCallback
</UL>

<P><STRONG><a name="[b1]"></a>GetBoardPowerSource</STRONG> (Thumb, 4 bytes, Stack size 0 bytes, board.o(i.GetBoardPowerSource))
<BR><BR>[Called By]<UL><LI><a href="#[c9]">&gt;&gt;</a>&nbsp;&nbsp;&nbsp;TimerLowPowerHandler
<LI><a href="#[b2]">&gt;&gt;</a>&nbsp;&nbsp;&nbsp;BoardInitMcu
<LI><a href="#[51]">&gt;&gt;</a>&nbsp;&nbsp;&nbsp;BoardGetBatteryLevel
</UL>

<P><STRONG><a name="[a0]"></a>GpioInit</STRONG> (Thumb, 44 bytes, Stack size 40 bytes, gpio.o(i.GpioInit))
<BR><BR>[Stack]<UL><LI>Max Depth = 116<LI>Call Chain = GpioInit &rArr; GpioMcuInit &rArr; HAL_GPIO_Init
</UL>
<BR>[Calls]<UL><LI><a href="#[d3]">&gt;&gt;</a>&nbsp;&nbsp;&nbsp;GpioMcuInit
</UL>
<BR>[Called By]<UL><LI><a href="#[13b]">&gt;&gt;</a>&nbsp;&nbsp;&nbsp;I2cMcuInit
<LI><a href="#[ea]">&gt;&gt;</a>&nbsp;&nbsp;&nbsp;GpsMcuInit
<LI><a href="#[b5]">&gt;&gt;</a>&nbsp;&nbsp;&nbsp;UartMcuInit
<LI><a href="#[ba]">&gt;&gt;</a>&nbsp;&nbsp;&nbsp;SpiInit
<LI><a href="#[ae]">&gt;&gt;</a>&nbsp;&nbsp;&nbsp;SpiDeInit
<LI><a href="#[bb]">&gt;&gt;</a>&nbsp;&nbsp;&nbsp;SX1276IoInit
<LI><a href="#[af]">&gt;&gt;</a>&nbsp;&nbsp;&nbsp;SX1276IoDeInit
<LI><a href="#[bf]">&gt;&gt;</a>&nbsp;&nbsp;&nbsp;LIS3DH_Init
<LI><a href="#[9c]">&gt;&gt;</a>&nbsp;&nbsp;&nbsp;AdcMcuInit
<LI><a href="#[bd]">&gt;&gt;</a>&nbsp;&nbsp;&nbsp;BoardInitPeriph
<LI><a href="#[b2]">&gt;&gt;</a>&nbsp;&nbsp;&nbsp;BoardInitMcu
<LI><a href="#[1c9]">&gt;&gt;</a>&nbsp;&nbsp;&nbsp;SX1276AntSwInit
<LI><a href="#[1c8]">&gt;&gt;</a>&nbsp;&nbsp;&nbsp;SX1276AntSwDeInit
<LI><a href="#[1ca]">&gt;&gt;</a>&nbsp;&nbsp;&nbsp;SX1276Reset
</UL>

<P><STRONG><a name="[d3]"></a>GpioMcuInit</STRONG> (Thumb, 336 bytes, Stack size 56 bytes, gpio-board.o(i.GpioMcuInit))
<BR><BR>[Stack]<UL><LI>Max Depth = 76<LI>Call Chain = GpioMcuInit &rArr; HAL_GPIO_Init
</UL>
<BR>[Calls]<UL><LI><a href="#[d5]">&gt;&gt;</a>&nbsp;&nbsp;&nbsp;HAL_GPIO_Init
<LI><a href="#[d4]">&gt;&gt;</a>&nbsp;&nbsp;&nbsp;GpioMcuWrite
</UL>
<BR>[Called By]<UL><LI><a href="#[a0]">&gt;&gt;</a>&nbsp;&nbsp;&nbsp;GpioInit
</UL>

<P><STRONG><a name="[d6]"></a>GpioMcuSetInterrupt</STRONG> (Thumb, 310 bytes, Stack size 48 bytes, gpio-board.o(i.GpioMcuSetInterrupt))
<BR><BR>[Stack]<UL><LI>Max Depth = 96<LI>Call Chain = GpioMcuSetInterrupt &rArr; HAL_NVIC_SetPriority &rArr; NVIC_SetPriority
</UL>
<BR>[Calls]<UL><LI><a href="#[d8]">&gt;&gt;</a>&nbsp;&nbsp;&nbsp;HAL_NVIC_EnableIRQ
<LI><a href="#[d5]">&gt;&gt;</a>&nbsp;&nbsp;&nbsp;HAL_GPIO_Init
<LI><a href="#[d7]">&gt;&gt;</a>&nbsp;&nbsp;&nbsp;HAL_NVIC_SetPriority
</UL>
<BR>[Called By]<UL><LI><a href="#[dc]">&gt;&gt;</a>&nbsp;&nbsp;&nbsp;GpioSetInterrupt
</UL>

<P><STRONG><a name="[d9]"></a>GpioMcuToggle</STRONG> (Thumb, 34 bytes, Stack size 8 bytes, gpio-board.o(i.GpioMcuToggle))
<BR><BR>[Stack]<UL><LI>Max Depth = 8<LI>Call Chain = GpioMcuToggle
</UL>
<BR>[Calls]<UL><LI><a href="#[da]">&gt;&gt;</a>&nbsp;&nbsp;&nbsp;HAL_GPIO_TogglePin
</UL>
<BR>[Called By]<UL><LI><a href="#[dd]">&gt;&gt;</a>&nbsp;&nbsp;&nbsp;GpioToggle
</UL>

<P><STRONG><a name="[d4]"></a>GpioMcuWrite</STRONG> (Thumb, 38 bytes, Stack size 16 bytes, gpio-board.o(i.GpioMcuWrite))
<BR><BR>[Stack]<UL><LI>Max Depth = 16<LI>Call Chain = GpioMcuWrite
</UL>
<BR>[Calls]<UL><LI><a href="#[db]">&gt;&gt;</a>&nbsp;&nbsp;&nbsp;HAL_GPIO_WritePin
</UL>
<BR>[Called By]<UL><LI><a href="#[d3]">&gt;&gt;</a>&nbsp;&nbsp;&nbsp;GpioMcuInit
<LI><a href="#[b0]">&gt;&gt;</a>&nbsp;&nbsp;&nbsp;GpioWrite
</UL>

<P><STRONG><a name="[dc]"></a>GpioSetInterrupt</STRONG> (Thumb, 40 bytes, Stack size 24 bytes, gpio.o(i.GpioSetInterrupt))
<BR><BR>[Stack]<UL><LI>Max Depth = 120<LI>Call Chain = GpioSetInterrupt &rArr; GpioMcuSetInterrupt &rArr; HAL_NVIC_SetPriority &rArr; NVIC_SetPriority
</UL>
<BR>[Calls]<UL><LI><a href="#[d6]">&gt;&gt;</a>&nbsp;&nbsp;&nbsp;GpioMcuSetInterrupt
</UL>
<BR>[Called By]<UL><LI><a href="#[ec]">&gt;&gt;</a>&nbsp;&nbsp;&nbsp;GpsMcuInvertPpsTrigger
<LI><a href="#[ea]">&gt;&gt;</a>&nbsp;&nbsp;&nbsp;GpsMcuInit
<LI><a href="#[bf]">&gt;&gt;</a>&nbsp;&nbsp;&nbsp;LIS3DH_Init
<LI><a href="#[1cc]">&gt;&gt;</a>&nbsp;&nbsp;&nbsp;SX1276IoIrqInit
</UL>

<P><STRONG><a name="[dd]"></a>GpioToggle</STRONG> (Thumb, 24 bytes, Stack size 8 bytes, gpio.o(i.GpioToggle))
<BR><BR>[Stack]<UL><LI>Max Depth = 16<LI>Call Chain = GpioToggle &rArr; GpioMcuToggle
</UL>
<BR>[Calls]<UL><LI><a href="#[d9]">&gt;&gt;</a>&nbsp;&nbsp;&nbsp;GpioMcuToggle
</UL>
<BR>[Called By]<UL><LI><a href="#[53]">&gt;&gt;</a>&nbsp;&nbsp;&nbsp;OnLed1TimerEvent
</UL>

<P><STRONG><a name="[b0]"></a>GpioWrite</STRONG> (Thumb, 28 bytes, Stack size 16 bytes, gpio.o(i.GpioWrite))
<BR><BR>[Stack]<UL><LI>Max Depth = 32<LI>Call Chain = GpioWrite &rArr; GpioMcuWrite
</UL>
<BR>[Calls]<UL><LI><a href="#[d4]">&gt;&gt;</a>&nbsp;&nbsp;&nbsp;GpioMcuWrite
</UL>
<BR>[Called By]<UL><LI><a href="#[ef]">&gt;&gt;</a>&nbsp;&nbsp;&nbsp;GpsMcuStop
<LI><a href="#[eb]">&gt;&gt;</a>&nbsp;&nbsp;&nbsp;GpsMcuStart
<LI><a href="#[ac]">&gt;&gt;</a>&nbsp;&nbsp;&nbsp;BoardDeInitMcu
<LI><a href="#[bd]">&gt;&gt;</a>&nbsp;&nbsp;&nbsp;BoardInitPeriph
<LI><a href="#[3b]">&gt;&gt;</a>&nbsp;&nbsp;&nbsp;main
<LI><a href="#[54]">&gt;&gt;</a>&nbsp;&nbsp;&nbsp;OnLed2TimerEvent
<LI><a href="#[50]">&gt;&gt;</a>&nbsp;&nbsp;&nbsp;MlmeConfirm
<LI><a href="#[4f]">&gt;&gt;</a>&nbsp;&nbsp;&nbsp;McpsIndication
<LI><a href="#[68]">&gt;&gt;</a>&nbsp;&nbsp;&nbsp;SX1276WriteBuffer
<LI><a href="#[69]">&gt;&gt;</a>&nbsp;&nbsp;&nbsp;SX1276ReadBuffer
<LI><a href="#[1d1]">&gt;&gt;</a>&nbsp;&nbsp;&nbsp;SX1276SetAntSw
</UL>

<P><STRONG><a name="[de]"></a>GpsConvertPositionFromStringToNumerical</STRONG> (Thumb, 772 bytes, Stack size 96 bytes, gps.o(i.GpsConvertPositionFromStringToNumerical))
<BR><BR>[Stack]<UL><LI>Max Depth = 184<LI>Call Chain = GpsConvertPositionFromStringToNumerical &rArr; __aeabi_dmul &rArr; _double_epilogue &rArr; _double_round
</UL>
<BR>[Calls]<UL><LI><a href="#[85]">&gt;&gt;</a>&nbsp;&nbsp;&nbsp;__aeabi_ui2d
<LI><a href="#[81]">&gt;&gt;</a>&nbsp;&nbsp;&nbsp;__aeabi_dmul
<LI><a href="#[7a]">&gt;&gt;</a>&nbsp;&nbsp;&nbsp;__aeabi_dadd
<LI><a href="#[82]">&gt;&gt;</a>&nbsp;&nbsp;&nbsp;__aeabi_ddiv
</UL>
<BR>[Called By]<UL><LI><a href="#[e1]">&gt;&gt;</a>&nbsp;&nbsp;&nbsp;GpsFormatGpsData
</UL>

<P><STRONG><a name="[df]"></a>GpsConvertPositionIntoBinary</STRONG> (Thumb, 200 bytes, Stack size 24 bytes, gps.o(i.GpsConvertPositionIntoBinary))
<BR><BR>[Stack]<UL><LI>Max Depth = 112<LI>Call Chain = GpsConvertPositionIntoBinary &rArr; __aeabi_dmul &rArr; _double_epilogue &rArr; _double_round
</UL>
<BR>[Calls]<UL><LI><a href="#[81]">&gt;&gt;</a>&nbsp;&nbsp;&nbsp;__aeabi_dmul
<LI><a href="#[86]">&gt;&gt;</a>&nbsp;&nbsp;&nbsp;__aeabi_d2iz
<LI><a href="#[e0]">&gt;&gt;</a>&nbsp;&nbsp;&nbsp;__aeabi_cdrcmple
<LI><a href="#[82]">&gt;&gt;</a>&nbsp;&nbsp;&nbsp;__aeabi_ddiv
</UL>
<BR>[Called By]<UL><LI><a href="#[e1]">&gt;&gt;</a>&nbsp;&nbsp;&nbsp;GpsFormatGpsData
</UL>

<P><STRONG><a name="[e1]"></a>GpsFormatGpsData</STRONG> (Thumb, 88 bytes, Stack size 8 bytes, gps.o(i.GpsFormatGpsData))
<BR><BR>[Stack]<UL><LI>Max Depth = 192<LI>Call Chain = GpsFormatGpsData &rArr; GpsConvertPositionFromStringToNumerical &rArr; __aeabi_dmul &rArr; _double_epilogue &rArr; _double_round
</UL>
<BR>[Calls]<UL><LI><a href="#[84]">&gt;&gt;</a>&nbsp;&nbsp;&nbsp;__aeabi_i2d
<LI><a href="#[e2]">&gt;&gt;</a>&nbsp;&nbsp;&nbsp;strncmp
<LI><a href="#[df]">&gt;&gt;</a>&nbsp;&nbsp;&nbsp;GpsConvertPositionIntoBinary
<LI><a href="#[de]">&gt;&gt;</a>&nbsp;&nbsp;&nbsp;GpsConvertPositionFromStringToNumerical
</UL>
<BR>[Called By]<UL><LI><a href="#[ee]">&gt;&gt;</a>&nbsp;&nbsp;&nbsp;GpsParseGpsData
</UL>

<P><STRONG><a name="[e3]"></a>GpsGetLatestGpsAltitude</STRONG> (Thumb, 54 bytes, Stack size 8 bytes, gps.o(i.GpsGetLatestGpsAltitude))
<BR><BR>[Stack]<UL><LI>Max Depth = 96<LI>Call Chain = GpsGetLatestGpsAltitude &rArr; atoi &rArr; strtol &rArr; _strtoul
</UL>
<BR>[Calls]<UL><LI><a href="#[e6]">&gt;&gt;</a>&nbsp;&nbsp;&nbsp;BoardEnableIrq
<LI><a href="#[e4]">&gt;&gt;</a>&nbsp;&nbsp;&nbsp;BoardDisableIrq
<LI><a href="#[e5]">&gt;&gt;</a>&nbsp;&nbsp;&nbsp;__aeabi_cdcmpeq
<LI><a href="#[71]">&gt;&gt;</a>&nbsp;&nbsp;&nbsp;atoi
</UL>
<BR>[Called By]<UL><LI><a href="#[17d]">&gt;&gt;</a>&nbsp;&nbsp;&nbsp;PrepareTxFrame
</UL>

<P><STRONG><a name="[e7]"></a>GpsGetLatestGpsPositionDouble</STRONG> (Thumb, 50 bytes, Stack size 16 bytes, gps.o(i.GpsGetLatestGpsPositionDouble))
<BR><BR>[Stack]<UL><LI>Max Depth = 16<LI>Call Chain = GpsGetLatestGpsPositionDouble
</UL>
<BR>[Calls]<UL><LI><a href="#[e5]">&gt;&gt;</a>&nbsp;&nbsp;&nbsp;__aeabi_cdcmpeq
<LI><a href="#[e8]">&gt;&gt;</a>&nbsp;&nbsp;&nbsp;GpsResetPosition
</UL>
<BR>[Called By]<UL><LI><a href="#[17d]">&gt;&gt;</a>&nbsp;&nbsp;&nbsp;PrepareTxFrame
</UL>

<P><STRONG><a name="[e9]"></a>GpsGetPpsDetectedState</STRONG> (Thumb, 26 bytes, Stack size 8 bytes, gps.o(i.GpsGetPpsDetectedState))
<BR><BR>[Stack]<UL><LI>Max Depth = 8<LI>Call Chain = GpsGetPpsDetectedState
</UL>
<BR>[Calls]<UL><LI><a href="#[e6]">&gt;&gt;</a>&nbsp;&nbsp;&nbsp;BoardEnableIrq
<LI><a href="#[e4]">&gt;&gt;</a>&nbsp;&nbsp;&nbsp;BoardDisableIrq
</UL>
<BR>[Called By]<UL><LI><a href="#[3b]">&gt;&gt;</a>&nbsp;&nbsp;&nbsp;main
</UL>

<P><STRONG><a name="[be]"></a>GpsInit</STRONG> (Thumb, 14 bytes, Stack size 8 bytes, gps.o(i.GpsInit))
<BR><BR>[Stack]<UL><LI>Max Depth = 172<LI>Call Chain = GpsInit &rArr; GpsMcuInit &rArr; UartMcuInit &rArr; GpioInit &rArr; GpioMcuInit &rArr; HAL_GPIO_Init
</UL>
<BR>[Calls]<UL><LI><a href="#[ea]">&gt;&gt;</a>&nbsp;&nbsp;&nbsp;GpsMcuInit
</UL>
<BR>[Called By]<UL><LI><a href="#[bd]">&gt;&gt;</a>&nbsp;&nbsp;&nbsp;BoardInitPeriph
</UL>

<P><STRONG><a name="[ea]"></a>GpsMcuInit</STRONG> (Thumb, 108 bytes, Stack size 16 bytes, gps-board.o(i.GpsMcuInit))
<BR><BR>[Stack]<UL><LI>Max Depth = 164<LI>Call Chain = GpsMcuInit &rArr; UartMcuInit &rArr; GpioInit &rArr; GpioMcuInit &rArr; HAL_GPIO_Init
</UL>
<BR>[Calls]<UL><LI><a href="#[dc]">&gt;&gt;</a>&nbsp;&nbsp;&nbsp;GpioSetInterrupt
<LI><a href="#[eb]">&gt;&gt;</a>&nbsp;&nbsp;&nbsp;GpsMcuStart
<LI><a href="#[b5]">&gt;&gt;</a>&nbsp;&nbsp;&nbsp;UartMcuInit
<LI><a href="#[b6]">&gt;&gt;</a>&nbsp;&nbsp;&nbsp;UartMcuConfig
<LI><a href="#[a0]">&gt;&gt;</a>&nbsp;&nbsp;&nbsp;GpioInit
</UL>
<BR>[Called By]<UL><LI><a href="#[be]">&gt;&gt;</a>&nbsp;&nbsp;&nbsp;GpsInit
</UL>

<P><STRONG><a name="[ec]"></a>GpsMcuInvertPpsTrigger</STRONG> (Thumb, 48 bytes, Stack size 8 bytes, gps-board.o(i.GpsMcuInvertPpsTrigger))
<BR><BR>[Stack]<UL><LI>Max Depth = 128<LI>Call Chain = GpsMcuInvertPpsTrigger &rArr; GpioSetInterrupt &rArr; GpioMcuSetInterrupt &rArr; HAL_NVIC_SetPriority &rArr; NVIC_SetPriority
</UL>
<BR>[Calls]<UL><LI><a href="#[dc]">&gt;&gt;</a>&nbsp;&nbsp;&nbsp;GpioSetInterrupt
</UL>
<BR>[Called By]<UL><LI><a href="#[ee]">&gt;&gt;</a>&nbsp;&nbsp;&nbsp;GpsParseGpsData
</UL>

<P><STRONG><a name="[40]"></a>GpsMcuIrqNotify</STRONG> (Thumb, 102 bytes, Stack size 16 bytes, gps-board.o(i.GpsMcuIrqNotify))
<BR><BR>[Stack]<UL><LI>Max Depth = 456<LI>Call Chain = GpsMcuIrqNotify &rArr; BlockLowPowerDuringTask &rArr; RtcRecoverMcuStatus &rArr; BoardInitMcu &rArr; CalibrateSystemWakeupTime &rArr; TimerSetValue &rArr; TimerStop &rArr; TimerSetTimeout &rArr; RtcSetTimeout &rArr; RtcStartWakeUpAlarm &rArr; RtcComputeTimerTimeToAlarmTick &rArr; round &rArr; __aeabi_dsub &rArr; __aeabi_dadd &rArr; _double_epilogue &rArr; _double_round
</UL>
<BR>[Calls]<UL><LI><a href="#[ed]">&gt;&gt;</a>&nbsp;&nbsp;&nbsp;UartMcuGetChar
<LI><a href="#[ee]">&gt;&gt;</a>&nbsp;&nbsp;&nbsp;GpsParseGpsData
<LI><a href="#[a7]">&gt;&gt;</a>&nbsp;&nbsp;&nbsp;BlockLowPowerDuringTask
</UL>
<BR>[Address Reference Count : 1]<UL><LI> gps-board.o(i.GpsMcuInit)
</UL>
<P><STRONG><a name="[3f]"></a>GpsMcuOnPpsSignal</STRONG> (Thumb, 2 bytes, Stack size 0 bytes, gps-board.o(i.GpsMcuOnPpsSignal))
<BR>[Address Reference Count : 2]<UL><LI> gps-board.o(i.GpsMcuInit)
<LI> gps-board.o(i.GpsMcuInvertPpsTrigger)
</UL>
<P><STRONG><a name="[eb]"></a>GpsMcuStart</STRONG> (Thumb, 12 bytes, Stack size 8 bytes, gps-board.o(i.GpsMcuStart))
<BR><BR>[Stack]<UL><LI>Max Depth = 40<LI>Call Chain = GpsMcuStart &rArr; GpioWrite &rArr; GpioMcuWrite
</UL>
<BR>[Calls]<UL><LI><a href="#[b0]">&gt;&gt;</a>&nbsp;&nbsp;&nbsp;GpioWrite
</UL>
<BR>[Called By]<UL><LI><a href="#[ea]">&gt;&gt;</a>&nbsp;&nbsp;&nbsp;GpsMcuInit
<LI><a href="#[f3]">&gt;&gt;</a>&nbsp;&nbsp;&nbsp;GpsStart
</UL>

<P><STRONG><a name="[ef]"></a>GpsMcuStop</STRONG> (Thumb, 12 bytes, Stack size 8 bytes, gps-board.o(i.GpsMcuStop))
<BR><BR>[Stack]<UL><LI>Max Depth = 40<LI>Call Chain = GpsMcuStop &rArr; GpioWrite &rArr; GpioMcuWrite
</UL>
<BR>[Calls]<UL><LI><a href="#[b0]">&gt;&gt;</a>&nbsp;&nbsp;&nbsp;GpioWrite
</UL>
[...]
<BR><BR>[Stack]<UL><LI>Max Depth = 400<LI>Call Chain = OnRadioRxError &rArr; OnRxWindow2TimerEvent &rArr; TimerStop &rArr; TimerSetTimeout &rArr; RtcSetTimeout &rArr; RtcStartWakeUpAlarm &rArr; RtcComputeTimerTimeToAlarmTick &rArr; round &rArr; __aeabi_dsub &rArr; __aeabi_dadd &rArr; _double_epilogue &rArr; _double_round
</UL>
<BR>[Calls]<UL><LI><a href="#[45]">&gt;&gt;</a>&nbsp;&nbsp;&nbsp;OnRxWindow2TimerEvent
<LI><a href="#[c4]">&gt;&gt;</a>&nbsp;&nbsp;&nbsp;TimerGetElapsedTime
</UL>
<BR>[Address Reference Count : 1]<UL><LI> loramac.o(i.LoRaMacInitialization)
</UL>
<P><STRONG><a name="[4b]"></a>OnRadioRxTimeout</STRONG> (Thumb, 124 bytes, Stack size 8 bytes, loramac.o(i.OnRadioRxTimeout))
<BR><BR>[Stack]<UL><LI>Max Depth = 400<LI>Call Chain = OnRadioRxTimeout &rArr; OnRxWindow2TimerEvent &rArr; TimerStop &rArr; TimerSetTimeout &rArr; RtcSetTimeout &rArr; RtcStartWakeUpAlarm &rArr; RtcComputeTimerTimeToAlarmTick &rArr; round &rArr; __aeabi_dsub &rArr; __aeabi_dadd &rArr; _double_epilogue &rArr; _double_round
</UL>
<BR>[Calls]<UL><LI><a href="#[45]">&gt;&gt;</a>&nbsp;&nbsp;&nbsp;OnRxWindow2TimerEvent
<LI><a href="#[c4]">&gt;&gt;</a>&nbsp;&nbsp;&nbsp;TimerGetElapsedTime
</UL>
<BR>[Address Reference Count : 1]<UL><LI> loramac.o(i.LoRaMacInitialization)
</UL>
<P><STRONG><a name="[47]"></a>OnRadioTxDone</STRONG> (Thumb, 272 bytes, Stack size 24 bytes, loramac.o(i.OnRadioTxDone))
<BR><BR>[Stack]<UL><LI>Max Depth = 424<LI>Call Chain = OnRadioTxDone &rArr; TimerSetValue &rArr; TimerStop &rArr; TimerSetTimeout &rArr; RtcSetTimeout &rArr; RtcStartWakeUpAlarm &rArr; RtcComputeTimerTimeToAlarmTick &rArr; round &rArr; __aeabi_dsub &rArr; __aeabi_dadd &rArr; _double_epilogue &rArr; _double_round
</UL>
<BR>[Calls]<UL><LI><a href="#[c8]">&gt;&gt;</a>&nbsp;&nbsp;&nbsp;TimerStart
<LI><a href="#[c7]">&gt;&gt;</a>&nbsp;&nbsp;&nbsp;TimerSetValue
<LI><a href="#[45]">&gt;&gt;</a>&nbsp;&nbsp;&nbsp;OnRxWindow2TimerEvent
<LI><a href="#[15b]">&gt;&gt;</a>&nbsp;&nbsp;&nbsp;TimerGetCurrentTime
<LI><a href="#[179]">&gt;&gt;</a>&nbsp;&nbsp;&nbsp;RegionSetBandTxDone
<LI><a href="#[158]">&gt;&gt;</a>&nbsp;&nbsp;&nbsp;RegionGetPhyParam
</UL>
<BR>[Address Reference Count : 1]<UL><LI> loramac.o(i.LoRaMacInitialization)
</UL>
<P><STRONG><a name="[4a]"></a>OnRadioTxTimeout</STRONG> (Thumb, 48 bytes, Stack size 8 bytes, loramac.o(i.OnRadioTxTimeout))
<BR><BR>[Stack]<UL><LI>Max Depth = 400<LI>Call Chain = OnRadioTxTimeout &rArr; OnRxWindow2TimerEvent &rArr; TimerStop &rArr; TimerSetTimeout &rArr; RtcSetTimeout &rArr; RtcStartWakeUpAlarm &rArr; RtcComputeTimerTimeToAlarmTick &rArr; round &rArr; __aeabi_dsub &rArr; __aeabi_dadd &rArr; _double_epilogue &rArr; _double_round
</UL>
<BR>[Calls]<UL><LI><a href="#[45]">&gt;&gt;</a>&nbsp;&nbsp;&nbsp;OnRxWindow2TimerEvent
</UL>
<BR>[Address Reference Count : 1]<UL><LI> loramac.o(i.LoRaMacInitialization)
</UL>
<P><STRONG><a name="[44]"></a>OnRxWindow1TimerEvent</STRONG> (Thumb, 106 bytes, Stack size 8 bytes, loramac.o(i.OnRxWindow1TimerEvent))
<BR><BR>[Stack]<UL><LI>Max Depth = 392<LI>Call Chain = OnRxWindow1TimerEvent &rArr; TimerStop &rArr; TimerSetTimeout &rArr; RtcSetTimeout &rArr; RtcStartWakeUpAlarm &rArr; RtcComputeTimerTimeToAlarmTick &rArr; round &rArr; __aeabi_dsub &rArr; __aeabi_dadd &rArr; _double_epilogue &rArr; _double_round
</UL>
<BR>[Calls]<UL><LI><a href="#[174]">&gt;&gt;</a>&nbsp;&nbsp;&nbsp;TimerStop
<LI><a href="#[167]">&gt;&gt;</a>&nbsp;&nbsp;&nbsp;RxWindowSetup
<LI><a href="#[166]">&gt;&gt;</a>&nbsp;&nbsp;&nbsp;RegionRxConfig
</UL>
<BR>[Address Reference Count : 1]<UL><LI> loramac.o(i.LoRaMacInitialization)
</UL>
<P><STRONG><a name="[45]"></a>OnRxWindow2TimerEvent</STRONG> (Thumb, 96 bytes, Stack size 8 bytes, loramac.o(i.OnRxWindow2TimerEvent))
<BR><BR>[Stack]<UL><LI>Max Depth = 392<LI>Call Chain = OnRxWindow2TimerEvent &rArr; TimerStop &rArr; TimerSetTimeout &rArr; RtcSetTimeout &rArr; RtcStartWakeUpAlarm &rArr; RtcComputeTimerTimeToAlarmTick &rArr; round &rArr; __aeabi_dsub &rArr; __aeabi_dadd &rArr; _double_epilogue &rArr; _double_round
</UL>
<BR>[Calls]<UL><LI><a href="#[174]">&gt;&gt;</a>&nbsp;&nbsp;&nbsp;TimerStop
<LI><a href="#[167]">&gt;&gt;</a>&nbsp;&nbsp;&nbsp;RxWindowSetup
<LI><a href="#[166]">&gt;&gt;</a>&nbsp;&nbsp;&nbsp;RegionRxConfig
</UL>
<BR>[Called By]<UL><LI><a href="#[164]">&gt;&gt;</a>&nbsp;&nbsp;&nbsp;LoRaMacMibSetRequestConfirm
<LI><a href="#[4a]">&gt;&gt;</a>&nbsp;&nbsp;&nbsp;OnRadioTxTimeout
<LI><a href="#[47]">&gt;&gt;</a>&nbsp;&nbsp;&nbsp;OnRadioTxDone
<LI><a href="#[4b]">&gt;&gt;</a>&nbsp;&nbsp;&nbsp;OnRadioRxTimeout
<LI><a href="#[49]">&gt;&gt;</a>&nbsp;&nbsp;&nbsp;OnRadioRxError
<LI><a href="#[42]">&gt;&gt;</a>&nbsp;&nbsp;&nbsp;OnMacStateCheckTimerEvent
</UL>
<BR>[Address Reference Count : 1]<UL><LI> loramac.o(i.LoRaMacInitialization)
</UL>
<P><STRONG><a name="[43]"></a>OnTxDelayedTimerEvent</STRONG> (Thumb, 116 bytes, Stack size 24 bytes, loramac.o(i.OnTxDelayedTimerEvent))
<BR><BR>[Stack]<UL><LI>Max Depth = 488<LI>Call Chain = OnTxDelayedTimerEvent &rArr; ScheduleTx &rArr; SendFrameOnChannel &rArr; TimerSetValue &rArr; TimerStop &rArr; TimerSetTimeout &rArr; RtcSetTimeout &rArr; RtcStartWakeUpAlarm &rArr; RtcComputeTimerTimeToAlarmTick &rArr; round &rArr; __aeabi_dsub &rArr; __aeabi_dadd &rArr; _double_epilogue &rArr; _double_round
</UL>
<BR>[Calls]<UL><LI><a href="#[174]">&gt;&gt;</a>&nbsp;&nbsp;&nbsp;TimerStop
<LI><a href="#[175]">&gt;&gt;</a>&nbsp;&nbsp;&nbsp;ScheduleTx
<LI><a href="#[15a]">&gt;&gt;</a>&nbsp;&nbsp;&nbsp;ResetMacParameters
<LI><a href="#[16a]">&gt;&gt;</a>&nbsp;&nbsp;&nbsp;RegionAlternateDr
<LI><a href="#[17a]">&gt;&gt;</a>&nbsp;&nbsp;&nbsp;PrepareFrame
</UL>
<BR>[Called By]<UL><LI><a href="#[42]">&gt;&gt;</a>&nbsp;&nbsp;&nbsp;OnMacStateCheckTimerEvent
</UL>
<BR>[Address Reference Count : 1]<UL><LI> loramac.o(i.LoRaMacInitialization)
</UL>
<P><STRONG><a name="[17c]"></a>ParseMacCommandsToRepeat</STRONG> (Thumb, 122 bytes, Stack size 20 bytes, loramac.o(i.ParseMacCommandsToRepeat))
<BR><BR>[Stack]<UL><LI>Max Depth = 20<LI>Call Chain = ParseMacCommandsToRepeat
</UL>
<BR>[Called By]<UL><LI><a href="#[17a]">&gt;&gt;</a>&nbsp;&nbsp;&nbsp;PrepareFrame
</UL>

<P><STRONG><a name="[176]"></a>PrepareRxDoneAbort</STRONG> (Thumb, 66 bytes, Stack size 8 bytes, loramac.o(i.PrepareRxDoneAbort))
<BR><BR>[Stack]<UL><LI>Max Depth = 408<LI>Call Chain = PrepareRxDoneAbort &rArr; TimerSetValue &rArr; TimerStop &rArr; TimerSetTimeout &rArr; RtcSetTimeout &rArr; RtcStartWakeUpAlarm &rArr; RtcComputeTimerTimeToAlarmTick &rArr; round &rArr; __aeabi_dsub &rArr; __aeabi_dadd &rArr; _double_epilogue &rArr; _double_round
</UL>
<BR>[Calls]<UL><LI><a href="#[c8]">&gt;&gt;</a>&nbsp;&nbsp;&nbsp;TimerStart
<LI><a href="#[c7]">&gt;&gt;</a>&nbsp;&nbsp;&nbsp;TimerSetValue
<LI><a href="#[46]">&gt;&gt;</a>&nbsp;&nbsp;&nbsp;OnAckTimeoutTimerEvent
</UL>
<BR>[Called By]<UL><LI><a href="#[48]">&gt;&gt;</a>&nbsp;&nbsp;&nbsp;OnRadioRxDone
</UL>

<P><STRONG><a name="[178]"></a>ProcessMacCommands</STRONG> (Thumb, 866 bytes, Stack size 64 bytes, loramac.o(i.ProcessMacCommands))
<BR><BR>[Stack]<UL><LI>Max Depth = 264<LI>Call Chain = ProcessMacCommands &rArr; RegionLinkAdrReq &rArr; RegionEU868LinkAdrReq &rArr; RegionCommonLinkAdrReqVerifyParams &rArr; RegionCommonChanVerifyDr
</UL>
<BR>[Calls]<UL><LI><a href="#[83]">&gt;&gt;</a>&nbsp;&nbsp;&nbsp;__aeabi_ui2f
<LI><a href="#[16b]">&gt;&gt;</a>&nbsp;&nbsp;&nbsp;AddMacCommand
<LI><a href="#[181]">&gt;&gt;</a>&nbsp;&nbsp;&nbsp;RegionTxParamSetupReq
<LI><a href="#[17f]">&gt;&gt;</a>&nbsp;&nbsp;&nbsp;RegionRxParamSetupReq
<LI><a href="#[180]">&gt;&gt;</a>&nbsp;&nbsp;&nbsp;RegionNewChannelReq
<LI><a href="#[17e]">&gt;&gt;</a>&nbsp;&nbsp;&nbsp;RegionLinkAdrReq
<LI><a href="#[182]">&gt;&gt;</a>&nbsp;&nbsp;&nbsp;RegionDlChannelReq
</UL>
<BR>[Called By]<UL><LI><a href="#[48]">&gt;&gt;</a>&nbsp;&nbsp;&nbsp;OnRadioRxDone
</UL>

<P><STRONG><a name="[15a]"></a>ResetMacParameters</STRONG> (Thumb, 180 bytes, Stack size 0 bytes, loramac.o(i.ResetMacParameters))
<BR><BR>[Called By]<UL><LI><a href="#[169]">&gt;&gt;</a>&nbsp;&nbsp;&nbsp;LoRaMacMlmeRequest
<LI><a href="#[155]">&gt;&gt;</a>&nbsp;&nbsp;&nbsp;LoRaMacInitialization
<LI><a href="#[43]">&gt;&gt;</a>&nbsp;&nbsp;&nbsp;OnTxDelayedTimerEvent
</UL>

<P><STRONG><a name="[167]"></a>RxWindowSetup</STRONG> (Thumb, 28 bytes, Stack size 16 bytes, loramac.o(i.RxWindowSetup))
<BR><BR>[Stack]<UL><LI>Max Depth = 16<LI>Call Chain = RxWindowSetup
</UL>
<BR>[Called By]<UL><LI><a href="#[164]">&gt;&gt;</a>&nbsp;&nbsp;&nbsp;LoRaMacMibSetRequestConfirm
<LI><a href="#[45]">&gt;&gt;</a>&nbsp;&nbsp;&nbsp;OnRxWindow2TimerEvent
<LI><a href="#[44]">&gt;&gt;</a>&nbsp;&nbsp;&nbsp;OnRxWindow1TimerEvent
</UL>

<P><STRONG><a name="[175]"></a>ScheduleTx</STRONG> (Thumb, 322 bytes, Stack size 32 bytes, loramac.o(i.ScheduleTx))
<BR><BR>[Stack]<UL><LI>Max Depth = 464<LI>Call Chain = ScheduleTx &rArr; SendFrameOnChannel &rArr; TimerSetValue &rArr; TimerStop &rArr; TimerSetTimeout &rArr; RtcSetTimeout &rArr; RtcStartWakeUpAlarm &rArr; RtcComputeTimerTimeToAlarmTick &rArr; round &rArr; __aeabi_dsub &rArr; __aeabi_dadd &rArr; _double_epilogue &rArr; _double_round
</UL>
<BR>[Calls]<UL><LI><a href="#[c8]">&gt;&gt;</a>&nbsp;&nbsp;&nbsp;TimerStart
<LI><a href="#[c7]">&gt;&gt;</a>&nbsp;&nbsp;&nbsp;TimerSetValue
<LI><a href="#[172]">&gt;&gt;</a>&nbsp;&nbsp;&nbsp;ValidatePayloadLength
<LI><a href="#[c3]">&gt;&gt;</a>&nbsp;&nbsp;&nbsp;CalculateBackOff
<LI><a href="#[1b2]">&gt;&gt;</a>&nbsp;&nbsp;&nbsp;RegionNextChannel
<LI><a href="#[165]">&gt;&gt;</a>&nbsp;&nbsp;&nbsp;RegionComputeRxWindowParameters
<LI><a href="#[189]">&gt;&gt;</a>&nbsp;&nbsp;&nbsp;RegionApplyDrOffset
<LI><a href="#[1d7]">&gt;&gt;</a>&nbsp;&nbsp;&nbsp;SendFrameOnChannel
</UL>
<BR>[Called By]<UL><LI><a href="#[43]">&gt;&gt;</a>&nbsp;&nbsp;&nbsp;OnTxDelayedTimerEvent
<LI><a href="#[42]">&gt;&gt;</a>&nbsp;&nbsp;&nbsp;OnMacStateCheckTimerEvent
<LI><a href="#[162]">&gt;&gt;</a>&nbsp;&nbsp;&nbsp;Send
</UL>

<P><STRONG><a name="[172]"></a>ValidatePayloadLength</STRONG> (Thumb, 88 bytes, Stack size 32 bytes, loramac.o(i.ValidatePayloadLength))
<BR><BR>[Stack]<UL><LI>Max Depth = 80<LI>Call Chain = ValidatePayloadLength &rArr; RegionGetPhyParam &rArr; RegionEU868GetPhyParam &rArr; randr
</UL>
<BR>[Calls]<UL><LI><a href="#[158]">&gt;&gt;</a>&nbsp;&nbsp;&nbsp;RegionGetPhyParam
</UL>
<BR>[Called By]<UL><LI><a href="#[170]">&gt;&gt;</a>&nbsp;&nbsp;&nbsp;LoRaMacQueryTxPossible
<LI><a href="#[175]">&gt;&gt;</a>&nbsp;&nbsp;&nbsp;ScheduleTx
</UL>

<P><STRONG><a name="[198]"></a>CountChannels</STRONG> (Thumb, 40 bytes, Stack size 12 bytes, regioncommon.o(i.CountChannels))
<BR><BR>[Stack]<UL><LI>Max Depth = 12<LI>Call Chain = CountChannels
</UL>
<BR>[Called By]<UL><LI><a href="#[197]">&gt;&gt;</a>&nbsp;&nbsp;&nbsp;RegionCommonCountChannels
</UL>

<P><STRONG><a name="[ca]"></a>CountNbOfEnabledChannels</STRONG> (Thumb, 206 bytes, Stack size 40 bytes, regioneu868.o(i.CountNbOfEnabledChannels))
<BR><BR>[Stack]<UL><LI>Max Depth = 40<LI>Call Chain = CountNbOfEnabledChannels
</UL>
<BR>[Calls]<UL><LI><a href="#[cb]">&gt;&gt;</a>&nbsp;&nbsp;&nbsp;RegionCommonValueInRange
</UL>
<BR>[Called By]<UL><LI><a href="#[1aa]">&gt;&gt;</a>&nbsp;&nbsp;&nbsp;RegionEU868NextChannel
</UL>

<P><STRONG><a name="[1a3]"></a>GetBandwidth</STRONG> (Thumb, 46 bytes, Stack size 0 bytes, regioneu868.o(i.GetBandwidth))
<BR><BR>[Called By]<UL><LI><a href="#[1b0]">&gt;&gt;</a>&nbsp;&nbsp;&nbsp;RegionEU868TxConfig
<LI><a href="#[19b]">&gt;&gt;</a>&nbsp;&nbsp;&nbsp;RegionEU868ComputeRxWindowParameters
</UL>

<P><STRONG><a name="[1a4]"></a>GetNextLowerTxDr</STRONG> (Thumb, 20 bytes, Stack size 0 bytes, regioneu868.o(i.GetNextLowerTxDr))
<BR><BR>[Called By]<UL><LI><a href="#[19d]">&gt;&gt;</a>&nbsp;&nbsp;&nbsp;RegionEU868GetPhyParam
</UL>

<P><STRONG><a name="[1af]"></a>LimitTxPower</STRONG> (Thumb, 20 bytes, Stack size 12 bytes, regioneu868.o(i.LimitTxPower))
<BR><BR>[Stack]<UL><LI>Max Depth = 12<LI>Call Chain = LimitTxPower
</UL>
<BR>[Called By]<UL><LI><a href="#[1b0]">&gt;&gt;</a>&nbsp;&nbsp;&nbsp;RegionEU868TxConfig
<LI><a href="#[1ae]">&gt;&gt;</a>&nbsp;&nbsp;&nbsp;RegionEU868SetContinuousWave
</UL>

<P><STRONG><a name="[1a1]"></a>VerifyTxFreq</STRONG> (Thumb, 136 bytes, Stack size 16 bytes, regioneu868.o(i.VerifyTxFreq))
<BR><BR>[Stack]<UL><LI>Max Depth = 16<LI>Call Chain = VerifyTxFreq
</UL>
<BR>[Called By]<UL><LI><a href="#[19c]">&gt;&gt;</a>&nbsp;&nbsp;&nbsp;RegionEU868DlChannelReq
<LI><a href="#[19e]">&gt;&gt;</a>&nbsp;&nbsp;&nbsp;RegionEU868ChannelAdd
</UL>

<P><STRONG><a name="[1d6]"></a>GetFskBandwidthRegValue</STRONG> (Thumb, 50 bytes, Stack size 0 bytes, sx1276.o(i.GetFskBandwidthRegValue))
<BR><BR>[Called By]<UL><LI><a href="#[5b]">&gt;&gt;</a>&nbsp;&nbsp;&nbsp;SX1276SetRxConfig
</UL>

<P><STRONG><a name="[1c7]"></a>RxChainCalibration</STRONG> (Thumb, 174 bytes, Stack size 40 bytes, sx1276.o(i.RxChainCalibration))
<BR><BR>[Stack]<UL><LI>Max Depth = 136<LI>Call Chain = RxChainCalibration &rArr; SX1276SetChannel &rArr; SX1276Write &rArr; SX1276WriteBuffer &rArr; GpioWrite &rArr; GpioMcuWrite
</UL>
<BR>[Calls]<UL><LI><a href="#[85]">&gt;&gt;</a>&nbsp;&nbsp;&nbsp;__aeabi_ui2d
<LI><a href="#[81]">&gt;&gt;</a>&nbsp;&nbsp;&nbsp;__aeabi_dmul
<LI><a href="#[88]">&gt;&gt;</a>&nbsp;&nbsp;&nbsp;__aeabi_d2uiz
<LI><a href="#[66]">&gt;&gt;</a>&nbsp;&nbsp;&nbsp;SX1276Write
<LI><a href="#[58]">&gt;&gt;</a>&nbsp;&nbsp;&nbsp;SX1276SetChannel
<LI><a href="#[67]">&gt;&gt;</a>&nbsp;&nbsp;&nbsp;SX1276Read
</UL>
<BR>[Called By]<UL><LI><a href="#[55]">&gt;&gt;</a>&nbsp;&nbsp;&nbsp;SX1276Init
<LI><a href="#[4c]">&gt;&gt;</a>&nbsp;&nbsp;&nbsp;SX1276OnTimeoutIrq
</UL>

<P><STRONG><a name="[d1]"></a>FifoNext</STRONG> (Thumb, 20 bytes, Stack size 8 bytes, fifo.o(i.FifoNext))
<BR><BR>[Stack]<UL><LI>Max Depth = 8<LI>Call Chain = FifoNext
</UL>
<BR>[Called By]<UL><LI><a href="#[131]">&gt;&gt;</a>&nbsp;&nbsp;&nbsp;IsFifoFull
<LI><a href="#[d2]">&gt;&gt;</a>&nbsp;&nbsp;&nbsp;FifoPush
<LI><a href="#[d0]">&gt;&gt;</a>&nbsp;&nbsp;&nbsp;FifoPop
</UL>

<P><STRONG><a name="[f2]"></a>GpsNmeaValidateChecksum</STRONG> (Thumb, 66 bytes, Stack size 24 bytes, gps.o(i.GpsNmeaValidateChecksum))
<BR><BR>[Stack]<UL><LI>Max Depth = 56<LI>Call Chain = GpsNmeaValidateChecksum &rArr; GpsNmeaChecksum
</UL>
<BR>[Calls]<UL><LI><a href="#[f0]">&gt;&gt;</a>&nbsp;&nbsp;&nbsp;GpsNmeaChecksum
</UL>
<BR>[Called By]<UL><LI><a href="#[ee]">&gt;&gt;</a>&nbsp;&nbsp;&nbsp;GpsParseGpsData
</UL>

<P><STRONG><a name="[1e1]"></a>TimerExists</STRONG> (Thumb, 26 bytes, Stack size 0 bytes, timer.o(i.TimerExists))
<BR><BR>[Called By]<UL><LI><a href="#[c8]">&gt;&gt;</a>&nbsp;&nbsp;&nbsp;TimerStart
</UL>

<P><STRONG><a name="[1de]"></a>TimerInsertNewHeadTimer</STRONG> (Thumb, 40 bytes, Stack size 16 bytes, timer.o(i.TimerInsertNewHeadTimer))
<BR><BR>[Stack]<UL><LI>Max Depth = 376<LI>Call Chain = TimerInsertNewHeadTimer &rArr; TimerSetTimeout &rArr; RtcSetTimeout &rArr; RtcStartWakeUpAlarm &rArr; RtcComputeTimerTimeToAlarmTick &rArr; round &rArr; __aeabi_dsub &rArr; __aeabi_dadd &rArr; _double_epilogue &rArr; _double_round
</UL>
<BR>[Calls]<UL><LI><a href="#[1df]">&gt;&gt;</a>&nbsp;&nbsp;&nbsp;TimerSetTimeout
</UL>
<BR>[Called By]<UL><LI><a href="#[c8]">&gt;&gt;</a>&nbsp;&nbsp;&nbsp;TimerStart
</UL>

<P><STRONG><a name="[1e2]"></a>TimerInsertTimer</STRONG> (Thumb, 104 bytes, Stack size 20 bytes, timer.o(i.TimerInsertTimer))
<BR><BR>[Stack]<UL><LI>Max Depth = 20<LI>Call Chain = TimerInsertTimer
</UL>
<BR>[Called By]<UL><LI><a href="#[c8]">&gt;&gt;</a>&nbsp;&nbsp;&nbsp;TimerStart
</UL>

<P><STRONG><a name="[1df]"></a>TimerSetTimeout</STRONG> (Thumb, 26 bytes, Stack size 8 bytes, timer.o(i.TimerSetTimeout))
<BR><BR>[Stack]<UL><LI>Max Depth = 360<LI>Call Chain = TimerSetTimeout &rArr; RtcSetTimeout &rArr; RtcStartWakeUpAlarm &rArr; RtcComputeTimerTimeToAlarmTick &rArr; round &rArr; __aeabi_dsub &rArr; __aeabi_dadd &rArr; _double_epilogue &rArr; _double_round
</UL>
<BR>[Calls]<UL><LI><a href="#[1c5]">&gt;&gt;</a>&nbsp;&nbsp;&nbsp;RtcSetTimeout
<LI><a href="#[1e0]">&gt;&gt;</a>&nbsp;&nbsp;&nbsp;RtcGetAdjustedTimeoutValue
</UL>
<BR>[Called By]<UL><LI><a href="#[174]">&gt;&gt;</a>&nbsp;&nbsp;&nbsp;TimerStop
<LI><a href="#[185]">&gt;&gt;</a>&nbsp;&nbsp;&nbsp;TimerIrqHandler
<LI><a href="#[1de]">&gt;&gt;</a>&nbsp;&nbsp;&nbsp;TimerInsertNewHeadTimer
</UL>

<P><STRONG><a name="[1ea]"></a>add_round_key</STRONG> (Thumb, 16 bytes, Stack size 16 bytes, aes.o(i.add_round_key))
<BR><BR>[Stack]<UL><LI>Max Depth = 16<LI>Call Chain = add_round_key
</UL>
<BR>[Calls]<UL><LI><a href="#[1eb]">&gt;&gt;</a>&nbsp;&nbsp;&nbsp;xor_block
</UL>
<BR>[Called By]<UL><LI><a href="#[95]">&gt;&gt;</a>&nbsp;&nbsp;&nbsp;aes_encrypt
</UL>

<P><STRONG><a name="[1ec]"></a>copy_and_key</STRONG> (Thumb, 132 bytes, Stack size 8 bytes, aes.o(i.copy_and_key))
<BR><BR>[Stack]<UL><LI>Max Depth = 8<LI>Call Chain = copy_and_key
</UL>
<BR>[Called By]<UL><LI><a href="#[95]">&gt;&gt;</a>&nbsp;&nbsp;&nbsp;aes_encrypt
</UL>

<P><STRONG><a name="[1f1]"></a>copy_block</STRONG> (Thumb, 66 bytes, Stack size 0 bytes, aes.o(i.copy_block))
<BR><BR>[Called By]<UL><LI><a href="#[1ed]">&gt;&gt;</a>&nbsp;&nbsp;&nbsp;mix_sub_columns
</UL>

<P><STRONG><a name="[1ef]"></a>copy_block_nn</STRONG> (Thumb, 24 bytes, Stack size 8 bytes, aes.o(i.copy_block_nn))
<BR><BR>[Stack]<UL><LI>Max Depth = 8<LI>Call Chain = copy_block_nn
</UL>
<BR>[Called By]<UL><LI><a href="#[99]">&gt;&gt;</a>&nbsp;&nbsp;&nbsp;aes_set_key
</UL>

<P><STRONG><a name="[1ed]"></a>mix_sub_columns</STRONG> (Thumb, 630 bytes, Stack size 24 bytes, aes.o(i.mix_sub_columns))
<BR><BR>[Stack]<UL><LI>Max Depth = 24<LI>Call Chain = mix_sub_columns
</UL>
<BR>[Calls]<UL><LI><a href="#[1f1]">&gt;&gt;</a>&nbsp;&nbsp;&nbsp;copy_block
</UL>
<BR>[Called By]<UL><LI><a href="#[95]">&gt;&gt;</a>&nbsp;&nbsp;&nbsp;aes_encrypt
</UL>

<P><STRONG><a name="[1ee]"></a>shift_sub_rows</STRONG> (Thumb, 108 bytes, Stack size 0 bytes, aes.o(i.shift_sub_rows))
<BR><BR>[Called By]<UL><LI><a href="#[95]">&gt;&gt;</a>&nbsp;&nbsp;&nbsp;aes_encrypt
</UL>

<P><STRONG><a name="[1eb]"></a>xor_block</STRONG> (Thumb, 130 bytes, Stack size 0 bytes, aes.o(i.xor_block))
<BR><BR>[Called By]<UL><LI><a href="#[1ea]">&gt;&gt;</a>&nbsp;&nbsp;&nbsp;add_round_key
</UL>

<P><STRONG><a name="[1e6]"></a>_fp_digits</STRONG> (Thumb, 366 bytes, Stack size 64 bytes, printfa.o(i._fp_digits), UNUSED)
<BR><BR>[Calls]<UL><LI><a href="#[81]">&gt;&gt;</a>&nbsp;&nbsp;&nbsp;__aeabi_dmul
<LI><a href="#[7a]">&gt;&gt;</a>&nbsp;&nbsp;&nbsp;__aeabi_dadd
<LI><a href="#[e0]">&gt;&gt;</a>&nbsp;&nbsp;&nbsp;__aeabi_cdrcmple
<LI><a href="#[82]">&gt;&gt;</a>&nbsp;&nbsp;&nbsp;__aeabi_ddiv
<LI><a href="#[89]">&gt;&gt;</a>&nbsp;&nbsp;&nbsp;__aeabi_uldivmod
<LI><a href="#[8d]">&gt;&gt;</a>&nbsp;&nbsp;&nbsp;__aeabi_d2ulz
</UL>
<BR>[Called By]<UL><LI><a href="#[1e5]">&gt;&gt;</a>&nbsp;&nbsp;&nbsp;_printf_core
</UL>

<P><STRONG><a name="[1e5]"></a>_printf_core</STRONG> (Thumb, 1744 bytes, Stack size 136 bytes, printfa.o(i._printf_core), UNUSED)
<BR><BR>[Calls]<UL><LI><a href="#[89]">&gt;&gt;</a>&nbsp;&nbsp;&nbsp;__aeabi_uldivmod
<LI><a href="#[1e9]">&gt;&gt;</a>&nbsp;&nbsp;&nbsp;__aeabi_uidivmod
<LI><a href="#[1e7]">&gt;&gt;</a>&nbsp;&nbsp;&nbsp;_printf_pre_padding
<LI><a href="#[1e8]">&gt;&gt;</a>&nbsp;&nbsp;&nbsp;_printf_post_padding
<LI><a href="#[1e6]">&gt;&gt;</a>&nbsp;&nbsp;&nbsp;_fp_digits
</UL>
<BR>[Called By]<UL><LI><a href="#[1e4]">&gt;&gt;</a>&nbsp;&nbsp;&nbsp;__0printf
</UL>

<P><STRONG><a name="[1e8]"></a>_printf_post_padding</STRONG> (Thumb, 36 bytes, Stack size 24 bytes, printfa.o(i._printf_post_padding), UNUSED)
<BR><BR>[Called By]<UL><LI><a href="#[1e5]">&gt;&gt;</a>&nbsp;&nbsp;&nbsp;_printf_core
</UL>

<P><STRONG><a name="[1e7]"></a>_printf_pre_padding</STRONG> (Thumb, 46 bytes, Stack size 24 bytes, printfa.o(i._printf_pre_padding), UNUSED)
<BR><BR>[Called By]<UL><LI><a href="#[1e5]">&gt;&gt;</a>&nbsp;&nbsp;&nbsp;_printf_core
</UL>
<P>
<H3>
Undefined Global Symbols
</H3><HR></body></html>
